Archive member included to satisfy reference by file (symbol)

C:/devkitPro/libnds/lib\libnds9.a(console.o)
                              Renderer.o (consoleDemoInit)
C:/devkitPro/libnds/lib\libnds9.a(keys.o)
                              main.o (scanKeys)
C:/devkitPro/libnds/lib\libnds9.a(trig.o)
                              Renderer.o (tanLerp)
C:/devkitPro/libnds/lib\libnds9.a(videoGL_base.o)
                              Renderer.o (glRotatef32i)
C:/devkitPro/libnds/lib\libnds9.a(videoGL.o)
                              TextureManager.o (glGenTextures)
C:/devkitPro/libnds/lib\libnds9.a(default_font.bin.o)
                              C:/devkitPro/libnds/lib\libnds9.a(console.o) (default_font_bin)
C:/devkitPro/libnds/lib\libnds9.a(background.o)
                              C:/devkitPro/libnds/lib\libnds9.a(console.o) (bgState)
C:/devkitPro/libnds/lib\libnds9.a(dynamicArray.o)
                              C:/devkitPro/libnds/lib\libnds9.a(videoGL.o) (DynamicArrayInit)
C:/devkitPro/libnds/lib\libnds9.a(system.o)
                              C:/devkitPro/libnds/lib\libnds9.a(videoGL_base.o) (powerOn)
C:/devkitPro/libnds/lib\libnds9.a(video.o)
                              C:/devkitPro/libnds/lib\libnds9.a(videoGL.o) (vramSetBanks_EFG)
C:/devkitPro/calico/lib\libcalico_ds9.a(thread_cold.o)
                              main.o (threadIrqWait)
C:/devkitPro/calico/lib\libcalico_ds9.a(thread_hot.32.o)
                              C:/devkitPro/calico/lib\libcalico_ds9.a(thread_cold.o) (__sched_state)
C:/devkitPro/calico/lib\libcalico_ds9.a(arm-copy-fill.32.o)
                              C:/devkitPro/calico/lib\libcalico_ds9.a(thread_cold.o) (armCopyMem32)
C:/devkitPro/calico/lib\libcalico_ds9.a(arm-context.32.o)
                              C:/devkitPro/calico/lib\libcalico_ds9.a(thread_cold.o) (armContextSave)
C:/devkitPro/calico/lib\libcalico_ds9.a(arm-shims.32.o)
                              C:/devkitPro/calico/lib\libcalico_ds9.a(thread_cold.o) (armWaitForIrq)
C:/devkitPro/calico/lib\libcalico_ds9.a(arm-cache.32.o)
                              C:/devkitPro/libnds/lib\libnds9.a(videoGL.o) (armDCacheFlush)
C:/devkitPro/calico/lib\libcalico_ds9.a(bios.o)
                              C:/devkitPro/libnds/lib\libnds9.a(videoGL.o) (svcCpuSet)
C:/devkitPro/calico/lib\libcalico_ds9.a(keypad.o)
                              C:/devkitPro/libnds/lib\libnds9.a(keys.o) (keypadGetState)
C:/devkitPro/calico/lib\libcalico_ds9.a(pm.o)
                              main.o (pmMainLoop)
C:/devkitPro/calico/lib\libcalico_ds9.a(bootstub_arm9.o)
                              (__ds9_bootstub)
C:/devkitPro/calico/lib\libcalico_ds9.a(excpt_handler.32.o)
                              C:/devkitPro/calico/lib\libcalico_ds9.a(bootstub_arm9.o) (__arm_excpt_rst)
C:/devkitPro/calico/lib\libcalico_ds9.a(touch.o)
                              C:/devkitPro/libnds/lib\libnds9.a(keys.o) (touchRead)
C:/devkitPro/calico/lib\libcalico_ds9.a(tick.o)
                              C:/devkitPro/calico/lib\libcalico_ds9.a(thread_cold.o) (tickTaskStart)
C:/devkitPro/calico/lib\libcalico_ds9.a(mailbox.o)
                              C:/devkitPro/calico/lib\libcalico_ds9.a(pm.o) (mailboxRecv)
C:/devkitPro/calico/lib\libcalico_ds9.a(newlib_syscalls.o)
                              C:/devkitPro/calico/lib\libcalico_ds9.a(bootstub_arm9.o) (__newlib_syscalls)
C:/devkitPro/calico/lib\libcalico_ds9.a(startup.crt0.o)
                              C:/devkitPro/calico/lib\libcalico_ds9.a(bootstub_arm9.o) (crt0Startup)
C:/devkitPro/calico/lib\libcalico_ds9.a(utils.crt0.o)
                              C:/devkitPro/calico/lib\libcalico_ds9.a(startup.crt0.o) (crt0CopyMem32)
C:/devkitPro/calico/lib\libcalico_ds9.a(irq_handler.32.o)
                              C:/devkitPro/calico/lib\libcalico_ds9.a(bootstub_arm9.o) (__arm_excpt_irq)
C:/devkitPro/calico/lib\libcalico_ds9.a(pxi.o)
                              C:/devkitPro/calico/lib\libcalico_ds9.a(startup.crt0.o) (_pxiInit)
C:/devkitPro/calico/lib\libcalico_ds9.a(mpu_setup.crt0.o)
                              C:/devkitPro/calico/lib\libcalico_ds9.a(startup.crt0.o) (crt0SetupMPU)
C:/devkitPro/calico/lib\libcalico_ds9.a(sys_startup.o)
                              C:/devkitPro/calico/lib\libcalico_ds9.a(startup.crt0.o) (systemStartup)
C:/devkitPro/calico/lib\libcalico_ds9.a(irq.o)
                              C:/devkitPro/calico/lib\libcalico_ds9.a(tick.o) (irqSet)
C:/devkitPro/calico/lib\libcalico_ds9.a(mutex.o)
                              C:/devkitPro/calico/lib\libcalico_ds9.a(newlib_syscalls.o) (mutexLock)
C:/devkitPro/devkitARM/bin/../lib/gcc/arm-none-eabi/15.1.0/../../../../arm-none-eabi/lib/thumb\libm.a(libm_a-sf_cos.o)
                              World.o (cosf)
C:/devkitPro/devkitARM/bin/../lib/gcc/arm-none-eabi/15.1.0/../../../../arm-none-eabi/lib/thumb\libm.a(libm_a-wf_sqrt.o)
[...]
Memory Configuration

Name             Origin             Length             Attributes
lma9             0x02004000         0x0027c000
lma9i            0x02400000         0x00280000
vectors          0x00000000         0x00000020
itcm             0x01ff8020         0x00007fe0
main             0x02001000         0x00f7f000
dtcm             0x02ff0000         0x00003e80
dldi             0x0380b000         0x00004000
stub             0x0e000000         0x00004000
tls              0x00000000         0x00000400
*default*        0x00000000         0xffffffff

Linker script and memory map

                0x00000000                        __sync_synchronize = __sync_synchronize_none
LOAD C:/devkitPro/devkitARM/bin/../lib/gcc/arm-none-eabi/15.1.0/thumb/crti.o
LOAD C:/devkitPro/devkitARM/bin/../lib/gcc/arm-none-eabi/15.1.0/thumb/crtbegin.o
LOAD grass_side.bin.o
LOAD grass_top.bin.o
LOAD leaves.bin.o
LOAD stone.bin.o
LOAD texture16.bin.o
LOAD wood.bin.o
LOAD main.o
LOAD World.o
LOAD Player.o
LOAD Renderer.o
LOAD TextureManager.o
LOAD C:/devkitPro/libnds/lib\libnds9.a
LOAD C:/devkitPro/calico/lib\libcalico_ds9.a
LOAD C:/devkitPro/devkitARM/bin/../lib/gcc/arm-none-eabi/15.1.0/../../../../arm-none-eabi/lib/thumb\libstdc++.a
LOAD C:/devkitPro/devkitARM/bin/../lib/gcc/arm-none-eabi/15.1.0/../../../../arm-none-eabi/lib/thumb\libm.a
START GROUP
LOAD C:/devkitPro/devkitARM/bin/../lib/gcc/arm-none-eabi/15.1.0/thumb\libgcc.a
LOAD C:/devkitPro/devkitARM/bin/../lib/gcc/arm-none-eabi/15.1.0/../../../../arm-none-eabi/lib/thumb\libg.a
LOAD C:/devkitPro/devkitARM/bin/../lib/gcc/arm-none-eabi/15.1.0/../../../../arm-none-eabi/lib/thumb\libc.a
LOAD C:/devkitPro/devkitARM/bin/../lib/gcc/arm-none-eabi/15.1.0/../../../../arm-none-eabi/lib/thumb\libsysbase.a
END GROUP
LOAD C:/devkitPro/devkitARM/bin/../lib/gcc/arm-none-eabi/15.1.0/thumb/crtend.o
LOAD C:/devkitPro/devkitARM/bin/../lib/gcc/arm-none-eabi/15.1.0/thumb/crtn.o
                0x02ff3e80                        PROVIDE (__sp_usr = (ORIGIN (dtcm) + LENGTH (dtcm)))
                0x02ff3f80                        PROVIDE (__sp_irq = (__sp_usr + 0x100))
                0x02ff3fc0                        PROVIDE (__sp_svc = (__sp_irq + 0x40))
                0x02ff3ff8                        PROVIDE (__irq_flags = (__sp_svc + 0x38))
                [!provide]                        PROVIDE (__irq_vector = (__sp_svc + 0x3c))
                [!provide]                        PROVIDE (__arm_excpt_rst = 0xffff0000)
                [!provide]                        PROVIDE (__arm_excpt_und = 0xffff0004)
                0xffff0008                        PROVIDE (__arm_excpt_svc = 0xffff0008)
                [!provide]                        PROVIDE (__arm_excpt_pabt = 0xffff000c)
                [!provide]                        PROVIDE (__arm_excpt_dabt = 0xffff0010)
                [!provide]                        PROVIDE (__arm_excpt_irq = 0xffff0018)
                [!provide]                        PROVIDE (__arm_excpt_fiq = 0xffff001c)
                0x00000000                        PROVIDE (__end__ = 0x0)

.secure         0x0e000000      0x800 load address 0x02004000
                0x0e0007fc                        . = (. + 0x7fc)
 *fill*         0x0e000000      0x7fc 00000000
                0x0e0007fc        0x4 LONG 0x0

.bootstub       0x0e000800      0x198 load address 0x02004800
 *(.bootstub .bootstub.*)
 .bootstub.__ds9_bootstub
                0x0e000800      0x198 C:/devkitPro/calico/lib\libcalico_ds9.a(bootstub_arm9.o)
                0x0e000800                __ds9_bootstub
                0x0e000998                        . = ALIGN (0x4)

.crt0           0x02001000      0x3c0 load address 0x02004998
 *(.crt0 .crt0.*)
 .crt0.__ds9_bootstub_trampoline
                0x02001000       0x60 C:/devkitPro/calico/lib\libcalico_ds9.a(bootstub_arm9.o)
 *.crt0.*(.text .stub .text.* .gnu.linkonce.t.*)
 .text.crt0ProcessLoadList
                0x02001060       0x74 C:/devkitPro/calico/lib\libcalico_ds9.a(startup.crt0.o)
                0x02001060                crt0ProcessLoadList
 .text.crt0Startup
                0x020010d4      0x180 C:/devkitPro/calico/lib\libcalico_ds9.a(startup.crt0.o)
                0x020010d4                crt0Startup
 .text.crt0CopyMem32
                0x02001254       0x4c C:/devkitPro/calico/lib\libcalico_ds9.a(utils.crt0.o)
                0x02001254                crt0CopyMem32
 .text.crt0FillMem32
                0x020012a0       0x58 C:/devkitPro/calico/lib\libcalico_ds9.a(utils.crt0.o)
                0x020012a0                crt0FillMem32
 .text.crt0SetupMPU
                0x020012f8       0xb4 C:/devkitPro/calico/lib\libcalico_ds9.a(mpu_setup.crt0.o)
                0x020012f8                crt0SetupMPU
 *.crt0.*(.glue_7t .glue_7 .vfp11_veneer .v4_bx)
 *.crt0.*(.rodata .rodata.* .gnu.linkonce.r.*)
 *.crt0.*(.rodata1)
                0x020013c0                        . = ALIGN (0x20)
 *fill*         0x020013ac       0x14 ff
                0x02004998                        PROVIDE (__crt0_lma = LOADADDR (.crt0))
                0x02001000                        PROVIDE (__crt0_start = ADDR (.crt0))
                0x020013c0                        PROVIDE (__crt0_end = (ADDR (.crt0) + SIZEOF (.crt0)))
                0x00000001                        ASSERT (((__crt0_end <= LOADADDR (.bootstub)) || (__crt0_start >= (LOADADDR (.bootstub) + SIZEOF (.bootstub)))), Error: crt0 section overlaps initial bootstrap)

.dldi           0x0380b000        0x0 load address 0x02004d58
 *(.dldi)
                0x00000000                        PROVIDE (__dldi_lma = SIZEOF (.dldi)?LOADADDR (.dldi):0x0)

.vectors        0x00000000       0x20 load address 0x02004d58
 *(.vectors)
 .vectors       0x00000000       0x20 C:/devkitPro/calico/lib\libcalico_ds9.a(bootstub_arm9.o)

.itcm           0x01ff8020      0x698 load address 0x02004d78
 *(.itcm .itcm.*)
 .itcm          0x01ff8020       0x30 C:/devkitPro/calico/lib\libcalico_ds9.a(bootstub_arm9.o)
                0x01ff8038                __excpt_vectors
 *.itcm.*(.text .stub .text.* .gnu.linkonce.t.*)
 *.32.o(.text .stub .text.* .gnu.linkonce.t.*)
 .text.threadReschedule
                0x01ff8050       0x88 C:/devkitPro/calico/lib\libcalico_ds9.a(thread_hot.32.o)
 .text.threadBlock
                0x01ff80d8       0xd8 C:/devkitPro/calico/lib\libcalico_ds9.a(thread_hot.32.o)
                0x01ff80d8                threadBlock
 .text.threadUnblockOneByValue
                0x01ff81b0       0xc0 C:/devkitPro/calico/lib\libcalico_ds9.a(thread_hot.32.o)
                0x01ff81b0                threadUnblockOneByValue
 .text.threadUnblockAllByValue
                0x01ff8270      0x130 C:/devkitPro/calico/lib\libcalico_ds9.a(thread_hot.32.o)
                0x01ff8270                threadUnblockAllByValue
 .text.threadUnblockAllByMask
                0x01ff83a0      0x134 C:/devkitPro/calico/lib\libcalico_ds9.a(thread_hot.32.o)
                0x01ff83a0                threadUnblockAllByMask
 .text.armContextSave
                0x01ff84d4       0x2c C:/devkitPro/calico/lib\libcalico_ds9.a(arm-context.32.o)
                0x01ff84d4                armContextSave
 .text.armContextLoad
                0x01ff8500       0x20 C:/devkitPro/calico/lib\libcalico_ds9.a(arm-context.32.o)
                0x01ff8500                armContextLoad
                0x01ff8504                armContextLoadFromSvc
 .text.armWaitForIrq
                0x01ff8520        0x8 C:/devkitPro/calico/lib\libcalico_ds9.a(arm-shims.32.o)
                0x01ff8520                armWaitForIrq
 .text.armDrainWriteBuffer
                0x01ff8528        0xc C:/devkitPro/calico/lib\libcalico_ds9.a(arm-cache.32.o)
                0x01ff8528                armDrainWriteBuffer
 .text.armDCacheFlushAll
                0x01ff8534       0x28 C:/devkitPro/calico/lib\libcalico_ds9.a(arm-cache.32.o)
                0x01ff8534                armDCacheFlushAll
 .text.armDCacheFlush
                0x01ff855c       0x1c C:/devkitPro/calico/lib\libcalico_ds9.a(arm-cache.32.o)
                0x01ff855c                armDCacheFlush
 .text.armICacheInvalidateAll
                0x01ff8578        0xc C:/devkitPro/calico/lib\libcalico_ds9.a(arm-cache.32.o)
                0x01ff8578                armICacheInvalidateAll
 .text.__excpt_entry
                0x01ff8584       0x50 C:/devkitPro/calico/lib\libcalico_ds9.a(excpt_handler.32.o)
                0x01ff8584                __arm_excpt_rst
                0x01ff8588                __arm_excpt_pabt
                0x01ff858c                __arm_excpt_und
                0x01ff8598                __arm_excpt_dabt
 .text.__arm_excpt_irq
                0x01ff85d4       0xe4 C:/devkitPro/calico/lib\libcalico_ds9.a(irq_handler.32.o)
                0x01ff85d4                __arm_excpt_irq
 *.itcm.*(.glue_7t .glue_7 .vfp11_veneer .v4_bx)
 *.32.o(.glue_7t .glue_7 .vfp11_veneer .v4_bx)
 *.itcm.*(.rodata .rodata.* .gnu.linkonce.r.*)
 *.32.o(.rodata .rodata.* .gnu.linkonce.r.*)
 *.itcm.*(.rodata1)
 *.32.o(.rodata1)
                0x01ff86b8                        . = ALIGN (0x4)
                0x02004d58                        PROVIDE (__itcm_lma = LOADADDR (.vectors))
                0x01ff8000                        PROVIDE (__itcm_start = (ADDR (.itcm) - SIZEOF (.vectors)))
                0x01ff86b8                        PROVIDE (__itcm_end = (ADDR (.itcm) + SIZEOF (.itcm)))
                0x00000001                        ASSERT (((__itcm_lma + SIZEOF (.vectors)) == LOADADDR (.itcm)), Error: gap between vectors and itcm)

.dtcm           0x02ff0000        0x0 load address 0x02005410
 *(.dtcm .dtcm.*)
 *.32.o(.data .data.* .gnu.linkonce.d.*)
 *.32.o(.data1)
                0x02ff0000                        . = ALIGN (0x4)
                [!provide]                        PROVIDE (__dtcm_lma = LOADADDR (.dtcm))
                0x02ff0000                        PROVIDE (__dtcm_start = ADDR (.dtcm))
                0x02ff0000                        PROVIDE (__dtcm_end = (ADDR (.dtcm) + SIZEOF (.dtcm)))

.dtcm.bss       0x02ff0000       0x98 load address 0x02005410
 *(.sbss .sbss.*)
 *.32.o(.dynbss)
 *.32.o(.bss .bss.* .gnu.linkonce.b.*)
 .bss.__irq_table
                0x02ff0000       0x80 C:/devkitPro/calico/lib\libcalico_ds9.a(thread_hot.32.o)
                0x02ff0000                __irq_table
 .bss.__sched_state
                0x02ff0080       0x18 C:/devkitPro/calico/lib\libcalico_ds9.a(thread_hot.32.o)
                0x02ff0080                __sched_state
 *.32.o(COMMON)
                0x02ff0098                        . = ALIGN (0x4)
                [!provide]                        PROVIDE (__dtcm_bss_start = ADDR (.dtcm.bss))
                0x02ff0098                        PROVIDE (__dtcm_bss_end = (ADDR (.dtcm.bss) + SIZEOF (.dtcm.bss)))

.main           0x020013c0    0x11058 load address 0x02005410
 *(SORT_NONE(.init))
 .init          0x020013c0        0x4 C:/devkitPro/devkitARM/bin/../lib/gcc/arm-none-eabi/15.1.0/thumb/crti.o
                0x020013c0                _init
 .init          0x020013c4        0x8 C:/devkitPro/devkitARM/bin/../lib/gcc/arm-none-eabi/15.1.0/thumb/crtn.o
 EXCLUDE_FILE(*.twl.*) *(.text.unlikely .text.*_unlikely .text.unlikely.*)
 EXCLUDE_FILE(*.twl.*) *(.text.exit .text.exit.*)
 .text.exit     0x020013cc       0x24 C:/devkitPro/devkitARM/bin/../lib/gcc/arm-none-eabi/15.1.0/../../../../arm-none-eabi/lib/thumb\libg.a(libc_a-exit.o)
                0x020013cc                exit
 EXCLUDE_FILE(*.twl.*) *(.text.startup .text.startup.*)
 .text.startup.main
                0x020013f0       0x78 main.o
                0x020013f0                main
 EXCLUDE_FILE(*.twl.*) *(.text.hot .text.hot.*)
 EXCLUDE_FILE(*.twl.*) *(.text .iplt .stub .text.* .gnu.linkonce.t.*)
 .text.__do_global_dtors_aux
                0x02001468       0x2c C:/devkitPro/devkitARM/bin/../lib/gcc/arm-none-eabi/15.1.0/thumb/crtbegin.o
 .text.frame_dummy
                0x02001494       0x24 C:/devkitPro/devkitARM/bin/../lib/gcc/arm-none-eabi/15.1.0/thumb/crtbegin.o
 .iplt          0x020014b8        0x0 C:/devkitPro/devkitARM/bin/../lib/gcc/arm-none-eabi/15.1.0/thumb/crtbegin.o
 .text._ZN5WorldC2Ev
                0x020014b8       0x24 World.o
                0x020014b8                World::World()
                0x020014b8                World::World()
 .text._ZN5World8generateEv
                0x020014dc      0x2c4 World.o
                0x020014dc                World::generate()
 .text._ZNK5World8getBlockEiii
                0x020017a0        0xc World.o
                0x020017a0                World::getBlock(int, int, int) const
 .text._ZN5World8setBlockEiiih
                0x020017ac       0x14 World.o
                0x020017ac                World::setBlock(int, int, int, unsigned char)
 .text._ZNK5World13isTransparentEiii
                0x020017c0       0x34 World.o
                0x020017c0                World::isTransparent(int, int, int) const
 .text._ZNK5World12isSolidBlockEiii
                0x020017f4       0x28 World.o
                0x020017f4                World::isSolidBlock(int, int, int) const
 .text._ZNK5World21getHighestBlockHeightEii
                0x0200181c       0x20 World.o
                0x0200181c                World::getHighestBlockHeight(int, int) const
 .text._ZN6PlayerC2EP5World
                0x0200183c       0x40 Player.o
                0x0200183c                Player::Player(World*)
                0x0200183c                Player::Player(World*)
 .text._ZN6Player12initPositionEv
                0x0200187c       0x60 Player.o
                0x0200187c                Player::initPosition()
 .text._ZNK6Player4getXEv
                0x020018dc        0x4 Player.o
                0x020018dc                Player::getX() const
 .text._ZNK6Player4getYEv
                0x020018e0        0x4 Player.o
                0x020018e0                Player::getY() const
 .text._ZNK6Player4getZEv
                0x020018e4        0x4 Player.o
                0x020018e4                Player::getZ() const
 .text._ZNK6Player8getPitchEv
                0x020018e8        0x4 Player.o
                0x020018e8                Player::getPitch() const
 .text._ZNK6Player6getYawEv
                0x020018ec        0x4 Player.o
                0x020018ec                Player::getYaw() const
 .text._ZNK6Player9canMoveToEfff
                0x020018f0      0x160 Player.o
                0x020018f0                Player::canMoveTo(float, float, float) const
 .text._ZNK6Player9hasTargetEv
                0x02001a50        0x8 Player.o
                0x02001a50                Player::hasTarget() const
 .text._ZNK6Player10getTargetXEv
                0x02001a58        0x4 Player.o
                0x02001a58                Player::getTargetX() const
 .text._ZNK6Player10getTargetYEv
                0x02001a5c        0x4 Player.o
                0x02001a5c                Player::getTargetY() const
 .text._ZNK6Player10getTargetZEv
                0x02001a60        0x4 Player.o
                0x02001a60                Player::getTargetZ() const
 .text._ZN6Player13updateRaycastEv
                0x02001a64      0x208 Player.o
                0x02001a64                Player::updateRaycast()
 .text._ZN6Player6updateEv
                0x02001c6c      0x3a8 Player.o
                0x02001c6c                Player::update()
 .text._ZN8RendererC2EP5WorldP14TextureManagerP6Player
                0x02002014        0x8 Renderer.o
                0x02002014                Renderer::Renderer(World*, TextureManager*, Player*)
                0x02002014                Renderer::Renderer(World*, TextureManager*, Player*)
 .text._ZN8Renderer4initEv
                0x0200201c      0x264 Renderer.o
                0x0200201c                Renderer::init()
 .text._ZN8Renderer16drawVisibleFacesEiii
                0x02002280      0x3f4 Renderer.o
                0x02002280                Renderer::drawVisibleFaces(int, int, int)
 .text._ZN8Renderer6renderEv
                0x02002674      0x5ec Renderer.o
                0x02002674                Renderer::render()
 .text._ZN14TextureManager12loadTexturesEv
                0x02002c60       0xc4 TextureManager.o
                0x02002c60                TextureManager::loadTextures()
 .text._ZN14TextureManager4initEv
                0x02002d24       0x20 TextureManager.o
                0x02002d24                TextureManager::init()
 .text._ZNK14TextureManager10getTextureE9BlockType
                0x02002d44        0x8 TextureManager.o
                0x02002d44                TextureManager::getTexture(BlockType) const
 .text.newRow   0x02002d4c       0xe0 C:/devkitPro/libnds/lib\libnds9.a(console.o)
 .text.consolePrintChar
                0x02002e2c       0xe0 C:/devkitPro/libnds/lib\libnds9.a(console.o)
                0x02002e2c                consolePrintChar
 .text.con_write
                0x02002f0c      0x344 C:/devkitPro/libnds/lib\libnds9.a(console.o)
                0x02002f0c                con_write
 .text.consoleLoadFont
                0x02003250      0x2e8 C:/devkitPro/libnds/lib\libnds9.a(console.o)
                0x02003250                consoleLoadFont
 .text.consoleInit
                0x02003538      0x170 C:/devkitPro/libnds/lib\libnds9.a(console.o)
                0x02003538                consoleInit
 .text.consoleDemoInit
                0x020036a8       0x40 C:/devkitPro/libnds/lib\libnds9.a(console.o)
                0x020036a8                consoleDemoInit
 .text.scanKeys
                0x020036e8       0x6c C:/devkitPro/libnds/lib\libnds9.a(keys.o)
                0x020036e8                scanKeys
 .text.keysHeld
                0x02003754        0xc C:/devkitPro/libnds/lib\libnds9.a(keys.o)
                0x02003754                keysHeld
 .text.keysDown
                0x02003760       0x10 C:/devkitPro/libnds/lib\libnds9.a(keys.o)
                0x02003760                keysDown
 .text.sinLutLookup
                0x02003770       0x4c C:/devkitPro/libnds/lib\libnds9.a(trig.o)
                0x02003770                sinLutLookup
 .text.sinLerp  0x020037bc       0x38 C:/devkitPro/libnds/lib\libnds9.a(trig.o)
                0x020037bc                sinLerp
 .text.cosLerp  0x020037f4       0x44 C:/devkitPro/libnds/lib\libnds9.a(trig.o)
                0x020037f4                cosLerp
 .text.tanLerp  0x02003838       0xac C:/devkitPro/libnds/lib\libnds9.a(trig.o)
                0x02003838                tanLerp
 .text.glRotatef32i
                0x020038e4      0x2b4 C:/devkitPro/libnds/lib\libnds9.a(videoGL_base.o)
                0x020038e4                glRotatef32i
 .text.glInit   0x02003b98       0xe0 C:/devkitPro/libnds/lib\libnds9.a(videoGL_base.o)
                0x02003b98                glInit
 .text.vramBlock__deallocateBlock.part.0
                0x02003c78      0x164 C:/devkitPro/libnds/lib\libnds9.a(videoGL.o)
 .text.vramBlock_init
                0x02003ddc       0x5c C:/devkitPro/libnds/lib\libnds9.a(videoGL.o)
                0x02003ddc                vramBlock_init
 .text.vramBlock__allocateBlock
                0x02003e38      0x170 C:/devkitPro/libnds/lib\libnds9.a(videoGL.o)
                0x02003e38                vramBlock__allocateBlock
 .text.vramBlock_examineSpecial
                0x02003fa8      0x270 C:/devkitPro/libnds/lib\libnds9.a(videoGL.o)
                0x02003fa8                vramBlock_examineSpecial
 .text.vramBlock_allocateSpecial
                0x02004218       0x6c C:/devkitPro/libnds/lib\libnds9.a(videoGL.o)
                0x02004218                vramBlock_allocateSpecial
 .text.vramBlock_allocateBlock
                0x02004284       0x34 C:/devkitPro/libnds/lib\libnds9.a(videoGL.o)
                0x02004284                vramBlock_allocateBlock
 .text.vramBlock_deallocateBlock
                0x020042b8       0x48 C:/devkitPro/libnds/lib\libnds9.a(videoGL.o)
                0x020042b8                vramBlock_deallocateBlock
 .text._glInitGlobals
                0x02004300       0xc8 C:/devkitPro/libnds/lib\libnds9.a(videoGL.o)
                0x02004300                _glInitGlobals
 .text.glGenTextures
                0x020043c8       0x84 C:/devkitPro/libnds/lib\libnds9.a(videoGL.o)
                0x020043c8                glGenTextures
 .text.vramGetBank
                0x0200444c       0xb4 C:/devkitPro/libnds/lib\libnds9.a(videoGL.o)
                0x0200444c                vramGetBank
 .text.glBindTexture
                0x02004500       0x5c C:/devkitPro/libnds/lib\libnds9.a(videoGL.o)
                0x02004500                glBindTexture
 .text.glTexImage2D
                0x0200455c      0x400 C:/devkitPro/libnds/lib\libnds9.a(videoGL.o)
                0x0200455c                glTexImage2D
 .text.checkIfText
                0x0200495c       0x6c C:/devkitPro/libnds/lib\libnds9.a(background.o)
                0x0200495c                checkIfText
 .text.bgUpdate
                0x020049c8       0xe8 C:/devkitPro/libnds/lib\libnds9.a(background.o)
                0x020049c8                bgUpdate
 .text.bgInit_call
                0x02004ab0       0xa8 C:/devkitPro/libnds/lib\libnds9.a(background.o)
                0x02004ab0                bgInit_call
 .text.bgInitSub_call
                0x02004b58       0xb0 C:/devkitPro/libnds/lib\libnds9.a(background.o)
                0x02004b58                bgInitSub_call
 .text.DynamicArrayInit
                0x02004c08       0x18 C:/devkitPro/libnds/lib\libnds9.a(dynamicArray.o)
                0x02004c08                DynamicArrayInit
 .text.DynamicArrayGet
                0x02004c20       0x18 C:/devkitPro/libnds/lib\libnds9.a(dynamicArray.o)
                0x02004c20                DynamicArrayGet
 .text.DynamicArraySet
                0x02004c38       0x48 C:/devkitPro/libnds/lib\libnds9.a(dynamicArray.o)
                0x02004c38                DynamicArraySet
 .text.powerOn  0x02004c80       0x18 C:/devkitPro/libnds/lib\libnds9.a(system.o)
                0x02004c80                powerOn
 .text.vramRestorePrimaryBanks
                0x02004c98        0xc C:/devkitPro/libnds/lib\libnds9.a(video.o)
                0x02004c98                vramRestorePrimaryBanks
 .text.threadExit
                0x02004ca4       0x9c C:/devkitPro/calico/lib\libcalico_ds9.a(thread_cold.o)
                0x02004ca4                threadExit
 .text._threadTickTask
                0x02004d40       0x10 C:/devkitPro/calico/lib\libcalico_ds9.a(thread_cold.o)
 .text._threadInit
                0x02004d50       0x98 C:/devkitPro/calico/lib\libcalico_ds9.a(thread_cold.o)
                0x02004d50                _threadInit
 .text.threadPrepare
                0x02004de8       0xa4 C:/devkitPro/calico/lib\libcalico_ds9.a(thread_cold.o)
                0x02004de8                threadPrepare
 .text.threadStart
                0x02004e8c       0xc8 C:/devkitPro/calico/lib\libcalico_ds9.a(thread_cold.o)
                0x02004e8c                threadStart
 .text.threadIrqWait
                0x02004f54       0xa0 C:/devkitPro/calico/lib\libcalico_ds9.a(thread_cold.o)
                0x02004f54                threadIrqWait
 .text.threadSleepTicks
                0x02004ff4       0x58 C:/devkitPro/calico/lib\libcalico_ds9.a(thread_cold.o)
                0x02004ff4                threadSleepTicks
 .text.keypadGetState
                0x0200504c       0x28 C:/devkitPro/calico/lib\libcalico_ds9.a(keypad.o)
                0x0200504c                keypadGetState
 .text._pmCallEventHandlers
                0x02005074       0x40 C:/devkitPro/calico/lib\libcalico_ds9.a(pm.o)
 .text._pmPxiThreadMain
                0x020050b4       0xa0 C:/devkitPro/calico/lib\libcalico_ds9.a(pm.o)
 .text._pmResetPxiHandler
                0x02005154       0x28 C:/devkitPro/calico/lib\libcalico_ds9.a(pm.o)
 .text.systemUserExit
                0x0200517c        0x4 C:/devkitPro/calico/lib\libcalico_ds9.a(pm.o)
                0x0200517c                systemUserExit
 .text.systemErrorExit
                0x02005180        0x4 C:/devkitPro/calico/lib\libcalico_ds9.a(pm.o)
                0x02005180                systemErrorExit
 .text.__syscall_exit
                0x02005184      0x138 C:/devkitPro/calico/lib\libcalico_ds9.a(pm.o)
                0x02005184                __syscall_exit
 .text.pmInit   0x020052bc       0x58 C:/devkitPro/calico/lib\libcalico_ds9.a(pm.o)
                0x020052bc                pmInit
 .text.pmEnterSleep
                0x02005314       0xcc C:/devkitPro/calico/lib\libcalico_ds9.a(pm.o)
                0x02005314                pmEnterSleep
 .text.pmMainLoop
                0x020053e0       0x74 C:/devkitPro/calico/lib\libcalico_ds9.a(pm.o)
                0x020053e0                pmMainLoop
 .text.touchRead
                0x02005454       0x58 C:/devkitPro/calico/lib\libcalico_ds9.a(touch.o)
                0x02005454                touchRead
 .text._tickCountIsr
                0x020054ac       0x1c C:/devkitPro/calico/lib\libcalico_ds9.a(tick.o)
 .text._tickTaskSchedule.part.0.isra.0
                0x020054c8       0x84 C:/devkitPro/calico/lib\libcalico_ds9.a(tick.o)
 .text.tickInit
                0x0200554c       0xa0 C:/devkitPro/calico/lib\libcalico_ds9.a(tick.o)
                0x0200554c                tickInit
 .text.tickGetCount
                0x020055ec       0x5c C:/devkitPro/calico/lib\libcalico_ds9.a(tick.o)
                0x020055ec                tickGetCount
 .text._tickTaskIsr
                0x02005648      0x110 C:/devkitPro/calico/lib\libcalico_ds9.a(tick.o)
 .text.tickTaskStart
                0x02005758      0x144 C:/devkitPro/calico/lib\libcalico_ds9.a(tick.o)
                0x02005758                tickTaskStart
 .text.mailboxTrySend
                0x0200589c       0x98 C:/devkitPro/calico/lib\libcalico_ds9.a(mailbox.o)
                0x0200589c                mailboxTrySend
 .text.mailboxRecv
                0x02005934       0x98 C:/devkitPro/calico/lib\libcalico_ds9.a(mailbox.o)
                0x02005934                mailboxRecv
 .text.__syscall_getreent
                0x020059cc       0x14 C:/devkitPro/calico/lib\libcalico_ds9.a(newlib_syscalls.o)
                0x020059cc                __syscall_getreent
 .text.__errno  0x020059e0       0x24 C:/devkitPro/calico/lib\libcalico_ds9.a(newlib_syscalls.o)
                0x020059e0                __errno
 .text.__syscall_gettod_r
                0x02005a04       0x30 C:/devkitPro/calico/lib\libcalico_ds9.a(newlib_syscalls.o)
                0x02005a04                __syscall_gettod_r
 .text.__syscall_lock_acquire
                0x02005a34        0x4 C:/devkitPro/calico/lib\libcalico_ds9.a(newlib_syscalls.o)
                0x02005a34                __syscall_lock_acquire
 .text.__syscall_lock_release
                0x02005a38        0x4 C:/devkitPro/calico/lib\libcalico_ds9.a(newlib_syscalls.o)
                0x02005a38                __syscall_lock_release
 .text.__syscall_lock_acquire_recursive
                0x02005a3c       0x4c C:/devkitPro/calico/lib\libcalico_ds9.a(newlib_syscalls.o)
                0x02005a3c                __syscall_lock_acquire_recursive
 .text.__syscall_lock_release_recursive
                0x02005a88       0x18 C:/devkitPro/calico/lib\libcalico_ds9.a(newlib_syscalls.o)
                0x02005a88                __syscall_lock_release_recursive
 .text._pxiMailboxHandler
                0x02005aa0        0x4 C:/devkitPro/calico/lib\libcalico_ds9.a(pxi.o)
 .text._pxiRecvUnhandled
                0x02005aa4        0x4 C:/devkitPro/calico/lib\libcalico_ds9.a(pxi.o)
                0x02005aa4                _pxiRecvUnhandled
 .text._pxiRecvIrqHandler
                0x02005aa8      0x154 C:/devkitPro/calico/lib\libcalico_ds9.a(pxi.o)
 .text._pxiInit
                0x02005bfc       0x58 C:/devkitPro/calico/lib\libcalico_ds9.a(pxi.o)
                0x02005bfc                _pxiInit
 .text.pxiSetHandler
                0x02005c54       0x74 C:/devkitPro/calico/lib\libcalico_ds9.a(pxi.o)
                0x02005c54                pxiSetHandler
 .text.pxiSetMailbox
                0x02005cc8       0x68 C:/devkitPro/calico/lib\libcalico_ds9.a(pxi.o)
                0x02005cc8                pxiSetMailbox
 .text.pxiWaitRemote
                0x02005d30       0x38 C:/devkitPro/calico/lib\libcalico_ds9.a(pxi.o)
                0x02005d30                pxiWaitRemote
 .text.pxiSendPacket
                0x02005d68       0x50 C:/devkitPro/calico/lib\libcalico_ds9.a(pxi.o)
                0x02005d68                pxiSendPacket
 .text.systemUserStartup
                0x02005db8        0x4 C:/devkitPro/calico/lib\libcalico_ds9.a(sys_startup.o)
                0x02005db8                systemUserStartup
 .text.systemStartup
                0x02005dbc      0x104 C:/devkitPro/calico/lib\libcalico_ds9.a(sys_startup.o)
                0x02005dbc                systemStartup
 .text.irqSet   0x02005ec0       0x64 C:/devkitPro/calico/lib\libcalico_ds9.a(irq.o)
                0x02005ec0                irqSet
 .text.threadUpdateDynamicPrio
                0x02005f24      0x1cc C:/devkitPro/calico/lib\libcalico_ds9.a(mutex.o)
 .text.threadRemoveWaiter
                0x020060f0      0x1c8 C:/devkitPro/calico/lib\libcalico_ds9.a(mutex.o)
 .text.mutexLock
                0x020062b8      0x150 C:/devkitPro/calico/lib\libcalico_ds9.a(mutex.o)
                0x020062b8                mutexLock
 .text.mutexUnlock
                0x02006408       0xd0 C:/devkitPro/calico/lib\libcalico_ds9.a(mutex.o)
                0x02006408                mutexUnlock
 .text.cosf     0x020064d8       0x70 C:/devkitPro/devkitARM/bin/../lib/gcc/arm-none-eabi/15.1.0/../../../../arm-none-eabi/lib/thumb\libm.a(libm_a-sf_cos.o)
                0x020064d8                cosf
 .text.sqrtf    0x02006548       0x40 C:/devkitPro/devkitARM/bin/../lib/gcc/arm-none-eabi/15.1.0/../../../../arm-none-eabi/lib/thumb\libm.a(libm_a-wf_sqrt.o)
                0x02006548                sqrtf
 .text.__kernel_cosf
                0x02006588      0x194 C:/devkitPro/devkitARM/bin/../lib/gcc/arm-none-eabi/15.1.0/../../../../arm-none-eabi/lib/thumb\libm.a(libm_a-kf_cos.o)
                0x02006588                __kernel_cosf
 .text.floorf   0x0200671c       0xa4 C:/devkitPro/devkitARM/bin/../lib/gcc/arm-none-eabi/15.1.0/../../../../arm-none-eabi/lib/thumb\libm.a(libm_a-sf_floor.o)
                0x0200671c                floorf
 .text.sinf     0x020067c0       0x74 C:/devkitPro/devkitARM/bin/../lib/gcc/arm-none-eabi/15.1.0/../../../../arm-none-eabi/lib/thumb\libm.a(libm_a-sf_sin.o)
                0x020067c0                sinf
 .text.__kernel_sinf
                0x02006834       0xf8 C:/devkitPro/devkitARM/bin/../lib/gcc/arm-none-eabi/15.1.0/../../../../arm-none-eabi/lib/thumb\libm.a(libm_a-kf_sin.o)
                0x02006834                __kernel_sinf
 .text.__ieee754_rem_pio2f
                0x0200692c      0x2f4 C:/devkitPro/devkitARM/bin/../lib/gcc/arm-none-eabi/15.1.0/../../../../arm-none-eabi/lib/thumb\libm.a(libm_a-ef_rem_pio2.o)
                0x0200692c                __ieee754_rem_pio2f
 .text.fabsf    0x02006c20        0x8 C:/devkitPro/devkitARM/bin/../lib/gcc/arm-none-eabi/15.1.0/../../../../arm-none-eabi/lib/thumb\libm.a(libm_a-sf_fabs.o)
                0x02006c20                fabsf
 .text.__kernel_rem_pio2f
                0x02006c28      0x758 C:/devkitPro/devkitARM/bin/../lib/gcc/arm-none-eabi/15.1.0/../../../../arm-none-eabi/lib/thumb\libm.a(libm_a-kf_rem_pio2.o)
                0x02006c28                __kernel_rem_pio2f
 .text.__ieee754_sqrtf
                0x02007380       0xec C:/devkitPro/devkitARM/bin/../lib/gcc/arm-none-eabi/15.1.0/../../../../arm-none-eabi/lib/thumb\libm.a(libm_a-ef_sqrt.o)
                0x02007380                __ieee754_sqrtf
 .text.scalbnf  0x0200746c       0xcc C:/devkitPro/devkitARM/bin/../lib/gcc/arm-none-eabi/15.1.0/../../../../arm-none-eabi/lib/thumb\libm.a(libm_a-sf_scalbn.o)
                0x0200746c                scalbnf
 .text          0x02007538      0x150 C:/devkitPro/devkitARM/bin/../lib/gcc/arm-none-eabi/15.1.0/thumb\libgcc.a(_divsi3.o)
                0x02007538                __divsi3
                0x02007538                __aeabi_idiv
                0x02007668                __aeabi_idivmod
 .text          0x02007688        0x4 C:/devkitPro/devkitARM/bin/../lib/gcc/arm-none-eabi/15.1.0/thumb\libgcc.a(_dvmd_tls.o)
                0x02007688                __aeabi_idiv0
                0x02007688                __aeabi_ldiv0
 .text          0x0200768c      0x424 C:/devkitPro/devkitARM/bin/../lib/gcc/arm-none-eabi/15.1.0/thumb\libgcc.a(_arm_addsubdf3.o)
                0x0200768c                __aeabi_drsub
                0x02007694                __aeabi_dsub
                0x02007694                __subdf3
                0x02007698                __aeabi_dadd
                0x02007698                __adddf3
                0x020079a8                __floatunsidf
                0x020079a8                __aeabi_ui2d
                0x020079cc                __floatsidf
                0x020079cc                __aeabi_i2d
                0x020079f4                __aeabi_f2d
                0x020079f4                __extendsfdf2
                0x02007a3c                __floatundidf
                0x02007a3c                __aeabi_ul2d
                0x02007a50                __floatdidf
                0x02007a50                __aeabi_l2d
 .text          0x02007ab0      0x49c C:/devkitPro/devkitARM/bin/../lib/gcc/arm-none-eabi/15.1.0/thumb\libgcc.a(_arm_muldivdf3.o)
                0x02007ab0                __aeabi_dmul
                0x02007ab0                __muldf3
                0x02007d40                __divdf3
                0x02007d40                __aeabi_ddiv
 .text          0x02007f4c       0x5c C:/devkitPro/devkitARM/bin/../lib/gcc/arm-none-eabi/15.1.0/thumb\libgcc.a(_arm_fixdfsi.o)
                0x02007f4c                __aeabi_d2iz
                0x02007f4c                __fixdfsi
 .text          0x02007fa8       0xa0 C:/devkitPro/devkitARM/bin/../lib/gcc/arm-none-eabi/15.1.0/thumb\libgcc.a(_arm_truncdfsf2.o)
                0x02007fa8                __truncdfsf2
                0x02007fa8                __aeabi_d2f
 .text          0x02008048      0x2ac C:/devkitPro/devkitARM/bin/../lib/gcc/arm-none-eabi/15.1.0/thumb\libgcc.a(_arm_addsubsf3.o)
                0x02008048                __aeabi_frsub
                0x02008050                __subsf3
                0x02008050                __aeabi_fsub
                0x02008054                __aeabi_fadd
                0x02008054                __addsf3
                0x02008210                __aeabi_ui2f
                0x02008210                __floatunsisf
                0x02008218                __aeabi_i2f
                0x02008218                __floatsisf
                0x02008238                __aeabi_ul2f
                0x02008238                __floatundisf
                0x02008248                __aeabi_l2f
                0x02008248                __floatdisf
 .text          0x020082f4      0x2f8 C:/devkitPro/devkitARM/bin/../lib/gcc/arm-none-eabi/15.1.0/thumb\libgcc.a(_arm_muldivsf3.o)
                0x020082f4                __mulsf3
                0x020082f4                __aeabi_fmul
                0x0200848c                __aeabi_fdiv
                0x0200848c                __divsf3
 .text          0x020085ec      0x114 C:/devkitPro/devkitARM/bin/../lib/gcc/arm-none-eabi/15.1.0/thumb\libgcc.a(_arm_cmpsf2.o)
                0x020085ec                __gesf2
                0x020085ec                __gtsf2
                0x020085f4                __lesf2
                0x020085f4                __ltsf2
                0x020085fc                __nesf2
                0x020085fc                __eqsf2
                0x020085fc                __cmpsf2
                0x02008660                __aeabi_cfrcmple
                0x02008670                __aeabi_cfcmpeq
                0x02008670                __aeabi_cfcmple
                0x02008688                __aeabi_fcmpeq
                0x020086a0                __aeabi_fcmplt
                0x020086b8                __aeabi_fcmple
                0x020086d0                __aeabi_fcmpge
                0x020086e8                __aeabi_fcmpgt
 .text          0x02008700       0x38 C:/devkitPro/devkitARM/bin/../lib/gcc/arm-none-eabi/15.1.0/thumb\libgcc.a(_arm_unordsf2.o)
                0x02008700                __unordsf2
                0x02008700                __aeabi_fcmpun
 .text          0x02008738       0x5c C:/devkitPro/devkitARM/bin/../lib/gcc/arm-none-eabi/15.1.0/thumb\libgcc.a(_arm_fixsfsi.o)
                0x02008738                __aeabi_f2iz
                0x02008738                __fixsfsi
 .text          0x02008794       0x3c C:/devkitPro/devkitARM/bin/../lib/gcc/arm-none-eabi/15.1.0/thumb\libgcc.a(_aeabi_uldivmod.o)
                0x02008794                __aeabi_uldivmod
 .text.__muldi3
                0x020087d0       0x58 C:/devkitPro/devkitARM/bin/../lib/gcc/arm-none-eabi/15.1.0/thumb\libgcc.a(_muldi3.o)
                0x020087d0                __muldi3
                0x020087d0                __aeabi_lmul
 .text.__udivmoddi4
                0x02008828      0x194 C:/devkitPro/devkitARM/bin/../lib/gcc/arm-none-eabi/15.1.0/thumb\libgcc.a(_udivmoddi4.o)
                0x02008828                __udivmoddi4
 .text          0x020089bc       0x28 C:/devkitPro/devkitARM/bin/../lib/gcc/arm-none-eabi/15.1.0/thumb\libgcc.a(_clzdi2.o)
                0x020089bc                __clzdi2
 .text          0x020089e4       0x48 C:/devkitPro/devkitARM/bin/../lib/gcc/arm-none-eabi/15.1.0/thumb\libgcc.a(_clzsi2.o)
                0x020089e4                __clzsi2
 .text.srand    0x02008a2c       0x18 C:/devkitPro/devkitARM/bin/../lib/gcc/arm-none-eabi/15.1.0/../../../../arm-none-eabi/lib/thumb\libg.a(libc_a-rand.o)
                0x02008a2c                srand
 .text.rand     0x02008a44       0x30 C:/devkitPro/devkitARM/bin/../lib/gcc/arm-none-eabi/15.1.0/../../../../arm-none-eabi/lib/thumb\libg.a(libc_a-rand.o)
                0x02008a44                rand
 .text.__libc_init_array
                0x02008a74       0x54 C:/devkitPro/devkitARM/bin/../lib/gcc/arm-none-eabi/15.1.0/../../../../arm-none-eabi/lib/thumb\libg.a(libc_a-init.o)
                0x02008a74                __libc_init_array
 .text.calloc   0x02008ac8       0x18 C:/devkitPro/devkitARM/bin/../lib/gcc/arm-none-eabi/15.1.0/../../../../arm-none-eabi/lib/thumb\libg.a(libc_a-calloc.o)
                0x02008ac8                calloc
 .text.siscanf  0x02008ae0       0x50 C:/devkitPro/devkitARM/bin/../lib/gcc/arm-none-eabi/15.1.0/../../../../arm-none-eabi/lib/thumb\libg.a(libc_a-siscanf.o)
                0x02008ae0                siscanf
 .text._calloc_r
                0x02008b30       0xcc C:/devkitPro/devkitARM/bin/../lib/gcc/arm-none-eabi/15.1.0/../../../../arm-none-eabi/lib/thumb\libg.a(libc_a-callocr.o)
                0x02008b30                _calloc_r
 .text.realloc  0x02008bfc       0x18 C:/devkitPro/devkitARM/bin/../lib/gcc/arm-none-eabi/15.1.0/../../../../arm-none-eabi/lib/thumb\libg.a(libc_a-realloc.o)
                0x02008bfc                realloc
 .text._malloc_r
                0x02008c14      0x550 C:/devkitPro/devkitARM/bin/../lib/gcc/arm-none-eabi/15.1.0/../../../../arm-none-eabi/lib/thumb\libg.a(libc_a-mallocr.o)
                0x02008c14                _malloc_r
 .text._malloc_trim_r
                0x02009164       0xac C:/devkitPro/devkitARM/bin/../lib/gcc/arm-none-eabi/15.1.0/../../../../arm-none-eabi/lib/thumb\libg.a(libc_a-freer.o)
                0x02009164                _malloc_trim_r
 .text._free_r  0x02009210      0x1d8 C:/devkitPro/devkitARM/bin/../lib/gcc/arm-none-eabi/15.1.0/../../../../arm-none-eabi/lib/thumb\libg.a(libc_a-freer.o)
                0x02009210                _free_r
 .text.malloc   0x020093e8       0x28 C:/devkitPro/devkitARM/bin/../lib/gcc/arm-none-eabi/15.1.0/../../../../arm-none-eabi/lib/thumb\libg.a(libc_a-malloc.o)
                0x020093e8                malloc
 .text.free     0x02009410       0x14 C:/devkitPro/devkitARM/bin/../lib/gcc/arm-none-eabi/15.1.0/../../../../arm-none-eabi/lib/thumb\libg.a(libc_a-malloc.o)
                0x02009410                free
 .text.time     0x02009424       0x38 C:/devkitPro/devkitARM/bin/../lib/gcc/arm-none-eabi/15.1.0/../../../../arm-none-eabi/lib/thumb\libg.a(libc_a-time.o)
                0x02009424                time
 .text.memset   0x0200945c       0x8c C:/devkitPro/devkitARM/bin/../lib/gcc/arm-none-eabi/15.1.0/../../../../arm-none-eabi/lib/thumb\libg.a(libc_a-memset.o)
                0x0200945c                memset
 .text._realloc_r
                0x020094e8      0x344 C:/devkitPro/devkitARM/bin/../lib/gcc/arm-none-eabi/15.1.0/../../../../arm-none-eabi/lib/thumb\libg.a(libc_a-reallocr.o)
                0x020094e8                _realloc_r
 .text.__malloc_lock
                0x0200982c       0x14 C:/devkitPro/devkitARM/bin/../lib/gcc/arm-none-eabi/15.1.0/../../../../arm-none-eabi/lib/thumb\libg.a(libc_a-mlock.o)
                0x0200982c                __malloc_lock
 .text.__malloc_unlock
                0x02009840       0x14 C:/devkitPro/devkitARM/bin/../lib/gcc/arm-none-eabi/15.1.0/../../../../arm-none-eabi/lib/thumb\libg.a(libc_a-mlock.o)
                0x02009840                __malloc_unlock
 .text.__call_exitprocs
                0x02009854        0xc C:/devkitPro/devkitARM/bin/../lib/gcc/arm-none-eabi/15.1.0/../../../../arm-none-eabi/lib/thumb\libg.a(libc_a-exit.o)
                0x02009854                __call_exitprocs
 .text.setvbuf  0x02009860      0x1ac C:/devkitPro/devkitARM/bin/../lib/gcc/arm-none-eabi/15.1.0/../../../../arm-none-eabi/lib/thumb\libg.a(libc_a-setvbuf.o)
                0x02009860                setvbuf
 .text.memcpy   0x02009a0c       0xb0 C:/devkitPro/devkitARM/bin/../lib/gcc/arm-none-eabi/15.1.0/../../../../arm-none-eabi/lib/thumb\libg.a(libc_a-memcpy-stub.o)
                0x02009a0c                memcpy
 .text.__sread  0x02009abc       0x34 C:/devkitPro/devkitARM/bin/../lib/gcc/arm-none-eabi/15.1.0/../../../../arm-none-eabi/lib/thumb\libg.a(libc_a-stdio.o)
                0x02009abc                __sread
 .text.__seofread
                0x02009af0        0x4 C:/devkitPro/devkitARM/bin/../lib/gcc/arm-none-eabi/15.1.0/../../../../arm-none-eabi/lib/thumb\libg.a(libc_a-stdio.o)
                0x02009af0                __seofread
 .text.__swrite
                0x02009af4       0x4c C:/devkitPro/devkitARM/bin/../lib/gcc/arm-none-eabi/15.1.0/../../../../arm-none-eabi/lib/thumb\libg.a(libc_a-stdio.o)
                0x02009af4                __swrite
 .text.__sseek  0x02009b40       0x3c C:/devkitPro/devkitARM/bin/../lib/gcc/arm-none-eabi/15.1.0/../../../../arm-none-eabi/lib/thumb\libg.a(libc_a-stdio.o)
                0x02009b40                __sseek
 .text.__sclose
                0x02009b7c       0x10 C:/devkitPro/devkitARM/bin/../lib/gcc/arm-none-eabi/15.1.0/../../../../arm-none-eabi/lib/thumb\libg.a(libc_a-stdio.o)
                0x02009b7c                __sclose
 .text.memmove  0x02009b8c       0xcc C:/devkitPro/devkitARM/bin/../lib/gcc/arm-none-eabi/15.1.0/../../../../arm-none-eabi/lib/thumb\libg.a(libc_a-memmove.o)
                0x02009b8c                memmove
 .text.strlen   0x02009c58       0x60 C:/devkitPro/devkitARM/bin/../lib/gcc/arm-none-eabi/15.1.0/../../../../arm-none-eabi/lib/thumb\libg.a(libc_a-strlen.o)
                0x02009c58                strlen
 .text._memalign_r
                0x02009cb8      0x118 C:/devkitPro/devkitARM/bin/../lib/gcc/arm-none-eabi/15.1.0/../../../../arm-none-eabi/lib/thumb\libg.a(libc_a-malignr.o)
                0x02009cb8                _memalign_r
 .text.get_arg  0x02009dd0       0x3e C:/devkitPro/devkitARM/bin/../lib/gcc/arm-none-eabi/15.1.0/../../../../arm-none-eabi/lib/thumb\libg.a(libc_a-svfiscanf.o)
 .text._sungetc_r
                0x02009e0e       0x7e C:/devkitPro/devkitARM/bin/../lib/gcc/arm-none-eabi/15.1.0/../../../../arm-none-eabi/lib/thumb\libg.a(libc_a-svfiscanf.o)
                0x02009e0e                _sungetc_r
 .text.__ssrefill_r
                0x02009e8c       0x42 C:/devkitPro/devkitARM/bin/../lib/gcc/arm-none-eabi/15.1.0/../../../../arm-none-eabi/lib/thumb\libg.a(libc_a-svfiscanf.o)
                0x02009e8c                __ssrefill_r
 .text._sfread_r
                0x02009ece       0x88 C:/devkitPro/devkitARM/bin/../lib/gcc/arm-none-eabi/15.1.0/../../../../arm-none-eabi/lib/thumb\libg.a(libc_a-svfiscanf.o)
                0x02009ece                _sfread_r
 *fill*         0x02009f56        0x2 ff
 .text.__ssvfiscanf_r
                0x02009f58     0x1984 C:/devkitPro/devkitARM/bin/../lib/gcc/arm-none-eabi/15.1.0/../../../../arm-none-eabi/lib/thumb\libg.a(libc_a-svfiscanf.o)
                0x02009f58                __ssvfiscanf_r
 .text.stdio_exit_handler
                0x0200b8dc       0x20 C:/devkitPro/devkitARM/bin/../lib/gcc/arm-none-eabi/15.1.0/../../../../arm-none-eabi/lib/thumb\libg.a(libc_a-findfp.o)
 .text.cleanup_stdio
                0x0200b8fc       0x40 C:/devkitPro/devkitARM/bin/../lib/gcc/arm-none-eabi/15.1.0/../../../../arm-none-eabi/lib/thumb\libg.a(libc_a-findfp.o)
 .text.global_stdio_init.part.0
                0x0200b93c      0x120 C:/devkitPro/devkitARM/bin/../lib/gcc/arm-none-eabi/15.1.0/../../../../arm-none-eabi/lib/thumb\libg.a(libc_a-findfp.o)
 .text.__sinit  0x0200ba5c       0x3c C:/devkitPro/devkitARM/bin/../lib/gcc/arm-none-eabi/15.1.0/../../../../arm-none-eabi/lib/thumb\libg.a(libc_a-findfp.o)
                0x0200ba5c                __sinit
 .text.__sfp_lock_acquire
                0x0200ba98       0x14 C:/devkitPro/devkitARM/bin/../lib/gcc/arm-none-eabi/15.1.0/../../../../arm-none-eabi/lib/thumb\libg.a(libc_a-findfp.o)
                0x0200ba98                __sfp_lock_acquire
 .text.__sfp_lock_release
                0x0200baac       0x14 C:/devkitPro/devkitARM/bin/../lib/gcc/arm-none-eabi/15.1.0/../../../../arm-none-eabi/lib/thumb\libg.a(libc_a-findfp.o)
                0x0200baac                __sfp_lock_release
 .text._strtoul_l.isra.0
                0x0200bac0      0x150 C:/devkitPro/devkitARM/bin/../lib/gcc/arm-none-eabi/15.1.0/../../../../arm-none-eabi/lib/thumb\libg.a(libc_a-strtoul.o)
 .text._strtoul_r
                0x0200bc10       0x20 C:/devkitPro/devkitARM/bin/../lib/gcc/arm-none-eabi/15.1.0/../../../../arm-none-eabi/lib/thumb\libg.a(libc_a-strtoul.o)
                0x0200bc10                _strtoul_r
 .text._fwalk_sglue
                0x0200bc30       0x4c C:/devkitPro/devkitARM/bin/../lib/gcc/arm-none-eabi/15.1.0/../../../../arm-none-eabi/lib/thumb\libg.a(libc_a-fwalk.o)
                0x0200bc30                _fwalk_sglue
 .text.iswspace
                0x0200bc7c       0x10 C:/devkitPro/devkitARM/bin/../lib/gcc/arm-none-eabi/15.1.0/../../../../arm-none-eabi/lib/thumb\libg.a(libc_a-iswspace.o)
                0x0200bc7c                iswspace
 .text._strtol_l.part.0
                0x0200bc8c      0x25c C:/devkitPro/devkitARM/bin/../lib/gcc/arm-none-eabi/15.1.0/../../../../arm-none-eabi/lib/thumb\libg.a(libc_a-strtol.o)
 .text._strtol_r
                0x0200bee8       0x34 C:/devkitPro/devkitARM/bin/../lib/gcc/arm-none-eabi/15.1.0/../../../../arm-none-eabi/lib/thumb\libg.a(libc_a-strtol.o)
                0x0200bee8                _strtol_r
 .text.__libc_fini_array
                0x0200bf1c       0x30 C:/devkitPro/devkitARM/bin/../lib/gcc/arm-none-eabi/15.1.0/../../../../arm-none-eabi/lib/thumb\libg.a(libc_a-fini.o)
                0x0200bf1c                __libc_fini_array
 .text.__sccl   0x0200bf4c       0xb0 C:/devkitPro/devkitARM/bin/../lib/gcc/arm-none-eabi/15.1.0/../../../../arm-none-eabi/lib/thumb\libg.a(libc_a-sccl.o)
                0x0200bf4c                __sccl
 .text.__sflush_r
                0x0200bffc      0x180 C:/devkitPro/devkitARM/bin/../lib/gcc/arm-none-eabi/15.1.0/../../../../arm-none-eabi/lib/thumb\libg.a(libc_a-fflush.o)
                0x0200bffc                __sflush_r
 .text._fflush_r
                0x0200c17c       0x70 C:/devkitPro/devkitARM/bin/../lib/gcc/arm-none-eabi/15.1.0/../../../../arm-none-eabi/lib/thumb\libg.a(libc_a-fflush.o)
                0x0200c17c                _fflush_r
 .text.__swhatbuf_r
                0x0200c1ec       0x5c C:/devkitPro/devkitARM/bin/../lib/gcc/arm-none-eabi/15.1.0/../../../../arm-none-eabi/lib/thumb\libg.a(libc_a-makebuf.o)
                0x0200c1ec                __swhatbuf_r
 .text._strtoull_l.isra.0
                0x0200c248      0x1c0 C:/devkitPro/devkitARM/bin/../lib/gcc/arm-none-eabi/15.1.0/../../../../arm-none-eabi/lib/thumb\libg.a(libc_a-strtoull.o)
 .text._strtoull_r
                0x0200c408       0x20 C:/devkitPro/devkitARM/bin/../lib/gcc/arm-none-eabi/15.1.0/../../../../arm-none-eabi/lib/thumb\libg.a(libc_a-strtoull.o)
                0x0200c408                _strtoull_r
 .text._mbrtowc_r
                0x0200c428       0x98 C:/devkitPro/devkitARM/bin/../lib/gcc/arm-none-eabi/15.1.0/../../../../arm-none-eabi/lib/thumb\libg.a(libc_a-mbrtowc.o)
                0x0200c428                _mbrtowc_r
 .text.iswspace_l
                0x0200c4c0       0x28 C:/devkitPro/devkitARM/bin/../lib/gcc/arm-none-eabi/15.1.0/../../../../arm-none-eabi/lib/thumb\libg.a(libc_a-iswspace_l.o)
                0x0200c4c0                iswspace_l
 .text._fclose_r
                0x0200c4e8       0xdc C:/devkitPro/devkitARM/bin/../lib/gcc/arm-none-eabi/15.1.0/../../../../arm-none-eabi/lib/thumb\libg.a(libc_a-fclose.o)
                0x0200c4e8                _fclose_r
 .text._strtoll_l.isra.0
                0x0200c5c4      0x300 C:/devkitPro/devkitARM/bin/../lib/gcc/arm-none-eabi/15.1.0/../../../../arm-none-eabi/lib/thumb\libg.a(libc_a-strtoll.o)
 .text._strtoll_r
                0x0200c8c4       0x20 C:/devkitPro/devkitARM/bin/../lib/gcc/arm-none-eabi/15.1.0/../../../../arm-none-eabi/lib/thumb\libg.a(libc_a-strtoll.o)
                0x0200c8c4                _strtoll_r
 .text.__locale_mb_cur_max
                0x0200c8e4       0x20 C:/devkitPro/devkitARM/bin/../lib/gcc/arm-none-eabi/15.1.0/../../../../arm-none-eabi/lib/thumb\libg.a(libc_a-locale.o)
                0x0200c8e4                __locale_mb_cur_max
 .text.__submore
                0x0200c904       0x7c C:/devkitPro/devkitARM/bin/../lib/gcc/arm-none-eabi/15.1.0/../../../../arm-none-eabi/lib/thumb\libg.a(libc_a-ungetc.o)
                0x0200c904                __submore
 .text.__utf8_mbtowc
                0x0200c980      0x24c C:/devkitPro/devkitARM/bin/../lib/gcc/arm-none-eabi/15.1.0/../../../../arm-none-eabi/lib/thumb\libg.a(libc_a-mbtowc_r.o)
                0x0200c980                __utf8_mbtowc
 .text.category
                0x0200cbcc       0x5c C:/devkitPro/devkitARM/bin/../lib/gcc/arm-none-eabi/15.1.0/../../../../arm-none-eabi/lib/thumb\libg.a(libc_a-categories.o)
                0x0200cbcc                category
 .text.__utf8_wctomb
                0x0200cc28       0xbc C:/devkitPro/devkitARM/bin/../lib/gcc/arm-none-eabi/15.1.0/../../../../arm-none-eabi/lib/thumb\libg.a(libc_a-wctomb_r.o)
                0x0200cc28                __utf8_wctomb
 .text._exit    0x0200cce4       0x14 C:/devkitPro/devkitARM/bin/../lib/gcc/arm-none-eabi/15.1.0/../../../../arm-none-eabi/lib/thumb\libsysbase.a(libsysbase_libsysbase_a-_exit.o)
                0x0200cce4                _exit
 .text._fstat_r
                0x0200ccf8       0x5c C:/devkitPro/devkitARM/bin/../lib/gcc/arm-none-eabi/15.1.0/../../../../arm-none-eabi/lib/thumb\libsysbase.a(libsysbase_libsysbase_a-fstat.o)
                0x0200ccf8                _fstat_r
 .text.__getreent
                0x0200cd54       0x20 C:/devkitPro/devkitARM/bin/../lib/gcc/arm-none-eabi/15.1.0/../../../../arm-none-eabi/lib/thumb\libsysbase.a(libsysbase_libsysbase_a-getreent.o)
                0x0200cd54                __getreent
 .text._gettimeofday_r
                0x0200cd74       0x20 C:/devkitPro/devkitARM/bin/../lib/gcc/arm-none-eabi/15.1.0/../../../../arm-none-eabi/lib/thumb\libsysbase.a(libsysbase_libsysbase_a-gettod.o)
                0x0200cd74                _gettimeofday_r
 .text.__get_handle
                0x0200cd94       0x34 C:/devkitPro/devkitARM/bin/../lib/gcc/arm-none-eabi/15.1.0/../../../../arm-none-eabi/lib/thumb\libsysbase.a(libsysbase_libsysbase_a-handle_manager.o)
                0x0200cd94                __get_handle
 .text._close_r
                0x0200cdc8       0xb0 C:/devkitPro/devkitARM/bin/../lib/gcc/arm-none-eabi/15.1.0/../../../../arm-none-eabi/lib/thumb\libsysbase.a(libsysbase_libsysbase_a-handle_manager.o)
                0x0200cdc8                _close_r
 .text.null_write
                0x0200ce78        0x4 C:/devkitPro/devkitARM/bin/../lib/gcc/arm-none-eabi/15.1.0/../../../../arm-none-eabi/lib/thumb\libsysbase.a(libsysbase_libsysbase_a-iosupport.o)
 .text._lseek_r
                0x0200ce7c       0x64 C:/devkitPro/devkitARM/bin/../lib/gcc/arm-none-eabi/15.1.0/../../../../arm-none-eabi/lib/thumb\libsysbase.a(libsysbase_libsysbase_a-lseek.o)
                0x0200ce7c                _lseek_r
 .text._read_r  0x0200cee0       0x5c C:/devkitPro/devkitARM/bin/../lib/gcc/arm-none-eabi/15.1.0/../../../../arm-none-eabi/lib/thumb\libsysbase.a(libsysbase_libsysbase_a-read.o)
                0x0200cee0                _read_r
 .text._sbrk_r  0x0200cf3c       0x50 C:/devkitPro/devkitARM/bin/../lib/gcc/arm-none-eabi/15.1.0/../../../../arm-none-eabi/lib/thumb\libsysbase.a(libsysbase_libsysbase_a-sbrk.o)
                0x0200cf3c                _sbrk_r
 .text.__libc_lock_acquire
                0x0200cf8c       0x18 C:/devkitPro/devkitARM/bin/../lib/gcc/arm-none-eabi/15.1.0/../../../../arm-none-eabi/lib/thumb\libsysbase.a(libsysbase_libsysbase_a-syscall_support.o)
                0x0200cf8c                __libc_lock_acquire
 .text.__libc_lock_release
                0x0200cfa4       0x18 C:/devkitPro/devkitARM/bin/../lib/gcc/arm-none-eabi/15.1.0/../../../../arm-none-eabi/lib/thumb\libsysbase.a(libsysbase_libsysbase_a-syscall_support.o)
                0x0200cfa4                __libc_lock_release
 .text.__libc_lock_acquire_recursive
                0x0200cfbc       0x18 C:/devkitPro/devkitARM/bin/../lib/gcc/arm-none-eabi/15.1.0/../../../../arm-none-eabi/lib/thumb\libsysbase.a(libsysbase_libsysbase_a-syscall_support.o)
                0x0200cfbc                __libc_lock_acquire_recursive
 .text.__libc_lock_release_recursive
                0x0200cfd4       0x18 C:/devkitPro/devkitARM/bin/../lib/gcc/arm-none-eabi/15.1.0/../../../../arm-none-eabi/lib/thumb\libsysbase.a(libsysbase_libsysbase_a-syscall_support.o)
                0x0200cfd4                __libc_lock_release_recursive
 .text._write_r
                0x0200cfec       0x5c C:/devkitPro/devkitARM/bin/../lib/gcc/arm-none-eabi/15.1.0/../../../../arm-none-eabi/lib/thumb\libsysbase.a(libsysbase_libsysbase_a-write.o)
                0x0200cfec                _write_r
 .text          0x0200d048       0x14 C:/devkitPro/devkitARM/bin/../lib/gcc/arm-none-eabi/15.1.0/thumb\libgcc.a(_thumb1_case_uqi.o)
                0x0200d048                __gnu_thumb1_case_uqi
 .text          0x0200d05c       0x14 C:/devkitPro/devkitARM/bin/../lib/gcc/arm-none-eabi/15.1.0/thumb\libgcc.a(_thumb1_case_uhi.o)
                0x0200d05c                __gnu_thumb1_case_uhi
 .text          0x0200d070      0x11c C:/devkitPro/devkitARM/bin/../lib/gcc/arm-none-eabi/15.1.0/thumb\libgcc.a(_udivsi3.o)
                0x0200d070                __aeabi_uidiv
                0x0200d070                __udivsi3
                0x0200d16c                __aeabi_uidivmod
 EXCLUDE_FILE(*.twl.*) *(.glue_7t .glue_7 .vfp11_veneer .v4_bx)
 .glue_7        0x0200d18c        0x0 linker stubs
 .glue_7t       0x0200d18c        0x0 linker stubs
 .vfp11_veneer  0x0200d18c        0x0 linker stubs
 .v4_bx         0x0200d18c        0x0 linker stubs
 *(SORT_NONE(.fini))
 .fini          0x0200d18c        0x4 C:/devkitPro/devkitARM/bin/../lib/gcc/arm-none-eabi/15.1.0/thumb/crti.o
                0x0200d18c                _fini
 .fini          0x0200d190        0x8 C:/devkitPro/devkitARM/bin/../lib/gcc/arm-none-eabi/15.1.0/thumb/crtn.o
 .fini.__stub   0x0200d198       0x10 linker stubs
 EXCLUDE_FILE(*.twl.*) *(.rodata .rodata.* .gnu.linkonce.r.*)
 .rodata.grass_side_bin
                0x0200d1a8      0x200 grass_side.bin.o
                0x0200d1a8                grass_side_bin
                0x0200d3a8                grass_side_bin_end
 .rodata.grass_top_bin
                0x0200d3a8      0x200 grass_top.bin.o
                0x0200d3a8                grass_top_bin
                0x0200d5a8                grass_top_bin_end
 .rodata.leaves_bin
                0x0200d5a8      0x200 leaves.bin.o
                0x0200d5a8                leaves_bin
                0x0200d7a8                leaves_bin_end
 .rodata.stone_bin
                0x0200d7a8      0x200 stone.bin.o
                0x0200d7a8                stone_bin
                0x0200d9a8                stone_bin_end
 .rodata.wood_bin
                0x0200d9a8      0x200 wood.bin.o
                0x0200d9a8                wood_bin
                0x0200dba8                wood_bin_end
 .rodata.con_write.str1.4
                0x0200dba8       0x94 C:/devkitPro/libnds/lib\libnds9.a(console.o)
                                 0x30 (size before relaxing)
 .rodata.con_write
                0x0200dc3c       0xd4 C:/devkitPro/libnds/lib\libnds9.a(console.o)
 .rodata.str1.4
                0x0200dd10       0x14 C:/devkitPro/libnds/lib\libnds9.a(console.o)
 .rodata.dotab_stdout
                0x0200dd10       0x80 C:/devkitPro/libnds/lib\libnds9.a(console.o)
 .rodata.TAN_LUT
                0x0200dd90      0x204 C:/devkitPro/libnds/lib\libnds9.a(trig.o)
                0x0200dd90                TAN_LUT
 .rodata.SIN_LUT
                0x0200df94      0x102 C:/devkitPro/libnds/lib\libnds9.a(trig.o)
                0x0200df94                SIN_LUT
 *fill*         0x0200e096        0x2 ff
 .rodata        0x0200e098       0x24 C:/devkitPro/libnds/lib\libnds9.a(videoGL.o)
 .rodata.default_font_bin
                0x0200e0bc      0x800 C:/devkitPro/libnds/lib\libnds9.a(default_font.bin.o)
                0x0200e0bc                default_font_bin
                0x0200e8bc                default_font_bin_end
 .rodata.npio2_hw
                0x0200e8bc       0x80 C:/devkitPro/devkitARM/bin/../lib/gcc/arm-none-eabi/15.1.0/../../../../arm-none-eabi/lib/thumb\libm.a(libm_a-ef_rem_pio2.o)
 .rodata.two_over_pi
                0x0200e93c      0x318 C:/devkitPro/devkitARM/bin/../lib/gcc/arm-none-eabi/15.1.0/../../../../arm-none-eabi/lib/thumb\libm.a(libm_a-ef_rem_pio2.o)
 .rodata.PIo2   0x0200ec54       0x2c C:/devkitPro/devkitARM/bin/../lib/gcc/arm-none-eabi/15.1.0/../../../../arm-none-eabi/lib/thumb\libm.a(libm_a-kf_rem_pio2.o)
 .rodata.init_jk
                0x0200ec80        0xc C:/devkitPro/devkitARM/bin/../lib/gcc/arm-none-eabi/15.1.0/../../../../arm-none-eabi/lib/thumb\libm.a(libm_a-kf_rem_pio2.o)
 .rodata.tiny   0x0200ec8c        0x4 C:/devkitPro/devkitARM/bin/../lib/gcc/arm-none-eabi/15.1.0/../../../../arm-none-eabi/lib/thumb\libm.a(libm_a-ef_sqrt.o)
 .rodata.one    0x0200ec90        0x4 C:/devkitPro/devkitARM/bin/../lib/gcc/arm-none-eabi/15.1.0/../../../../arm-none-eabi/lib/thumb\libm.a(libm_a-ef_sqrt.o)
 .rodata.basefix.0
                0x0200ec94       0x22 C:/devkitPro/devkitARM/bin/../lib/gcc/arm-none-eabi/15.1.0/../../../../arm-none-eabi/lib/thumb\libg.a(libc_a-svfiscanf.o)
 *fill*         0x0200ecb6        0x2 ff
 .rodata._ctype_
                0x0200ecb8      0x101 C:/devkitPro/devkitARM/bin/../lib/gcc/arm-none-eabi/15.1.0/../../../../arm-none-eabi/lib/thumb\libg.a(libc_a-ctype_.o)
                0x0200ecb8                _ctype_
 .rodata._mbrtowc_r.str1.4
                0x0200edb9        0x1 C:/devkitPro/devkitARM/bin/../lib/gcc/arm-none-eabi/15.1.0/../../../../arm-none-eabi/lib/thumb\libg.a(libc_a-mbrtowc.o)
 .rodata.str1.4
                0x0200edb9       0x4c C:/devkitPro/devkitARM/bin/../lib/gcc/arm-none-eabi/15.1.0/../../../../arm-none-eabi/lib/thumb\libg.a(libc_a-locale.o)
 *fill*         0x0200edb9        0x3 ff
 .rodata.categories
                0x0200edbc     0x35dc C:/devkitPro/devkitARM/bin/../lib/gcc/arm-none-eabi/15.1.0/../../../../arm-none-eabi/lib/thumb\libg.a(libc_a-categories.o)
 .rodata.AddDevice.str1.4
                0x02012398        0x8 C:/devkitPro/devkitARM/bin/../lib/gcc/arm-none-eabi/15.1.0/../../../../arm-none-eabi/lib/thumb\libsysbase.a(libsysbase_libsysbase_a-iosupport.o)
 .rodata.dotab_stdnull
                0x02012398       0x80 C:/devkitPro/devkitARM/bin/../lib/gcc/arm-none-eabi/15.1.0/../../../../arm-none-eabi/lib/thumb\libsysbase.a(libsysbase_libsysbase_a-iosupport.o)
                0x02012398                dotab_stdnull
 EXCLUDE_FILE(*.twl.*) *(.rodata1)
                0x02012418                        . = ALIGN (0x4)

.main.rw        0x02012418     0x1848 load address 0x02016468
 EXCLUDE_FILE(*.twl.*) *(.data .data.* .gnu.linkonce.d.*)
 .data.firstConsoleInit.0
                0x02012418        0x1 C:/devkitPro/libnds/lib\libnds9.a(console.o)
 *fill*         0x02012419        0x3 ff
 .data.currentConsole
                0x0201241c        0x4 C:/devkitPro/libnds/lib\libnds9.a(console.o)
                0x0201241c                currentConsole
 .data.defaultConsole
                0x02012420       0x5c C:/devkitPro/libnds/lib\libnds9.a(console.o)
                0x02012420                defaultConsole
 .data.count    0x0201247c        0x1 C:/devkitPro/libnds/lib\libnds9.a(keys.o)
 .data.repeat   0x0201247d        0x1 C:/devkitPro/libnds/lib\libnds9.a(keys.o)
 .data.delay    0x0201247e        0x1 C:/devkitPro/libnds/lib\libnds9.a(keys.o)
 *fill*         0x0201247f        0x1 ff
 .data.bgTransform
                0x02012480       0x20 C:/devkitPro/libnds/lib\libnds9.a(background.o)
                0x02012480                bgTransform
 .data.bgScrollTable
                0x020124a0       0x20 C:/devkitPro/libnds/lib\libnds9.a(background.o)
                0x020124a0                bgScrollTable
 .data.bgControl
                0x020124c0       0x20 C:/devkitPro/libnds/lib\libnds9.a(background.o)
                0x020124c0                bgControl
 .data.__malloc_sbrk_base
                0x020124e0        0x4 C:/devkitPro/devkitARM/bin/../lib/gcc/arm-none-eabi/15.1.0/../../../../arm-none-eabi/lib/thumb\libg.a(libc_a-mallocr.o)
                0x020124e0                __malloc_sbrk_base
 .data.__malloc_trim_threshold
                0x020124e4        0x4 C:/devkitPro/devkitARM/bin/../lib/gcc/arm-none-eabi/15.1.0/../../../../arm-none-eabi/lib/thumb\libg.a(libc_a-mallocr.o)
                0x020124e4                __malloc_trim_threshold
 .data.__malloc_av_
                0x020124e8      0x408 C:/devkitPro/devkitARM/bin/../lib/gcc/arm-none-eabi/15.1.0/../../../../arm-none-eabi/lib/thumb\libg.a(libc_a-mallocr.o)
                0x020124e8                __malloc_av_
 .data.__sglue  0x020128f0        0xc C:/devkitPro/devkitARM/bin/../lib/gcc/arm-none-eabi/15.1.0/../../../../arm-none-eabi/lib/thumb\libg.a(libc_a-findfp.o)
                0x020128f0                __sglue
 .data._impure_ptr
                0x020128fc        0x4 C:/devkitPro/devkitARM/bin/../lib/gcc/arm-none-eabi/15.1.0/../../../../arm-none-eabi/lib/thumb\libg.a(libc_a-impure.o)
                0x020128fc                _impure_ptr
 .data._impure_data
                0x02012900      0x140 C:/devkitPro/devkitARM/bin/../lib/gcc/arm-none-eabi/15.1.0/../../../../arm-none-eabi/lib/thumb\libg.a(libc_a-impure.o)
                0x02012900                _impure_data
 .data.__global_locale
                0x02012a40      0x16c C:/devkitPro/devkitARM/bin/../lib/gcc/arm-none-eabi/15.1.0/../../../../arm-none-eabi/lib/thumb\libg.a(libc_a-locale.o)
                0x02012a40                __global_locale
 *fill*         0x02012bac        0x4 ff
 .data.handles  0x02012bb0     0x1000 C:/devkitPro/devkitARM/bin/../lib/gcc/arm-none-eabi/15.1.0/../../../../arm-none-eabi/lib/thumb\libsysbase.a(libsysbase_libsysbase_a-handle_manager.o)
 .data.__stderr_handle
                0x02013bb0        0xc C:/devkitPro/devkitARM/bin/../lib/gcc/arm-none-eabi/15.1.0/../../../../arm-none-eabi/lib/thumb\libsysbase.a(libsysbase_libsysbase_a-handle_manager.o)
 .data.__stdout_handle
                0x02013bbc        0xc C:/devkitPro/devkitARM/bin/../lib/gcc/arm-none-eabi/15.1.0/../../../../arm-none-eabi/lib/thumb\libsysbase.a(libsysbase_libsysbase_a-handle_manager.o)
 .data.__stdin_handle
                0x02013bc8        0xc C:/devkitPro/devkitARM/bin/../lib/gcc/arm-none-eabi/15.1.0/../../../../arm-none-eabi/lib/thumb\libsysbase.a(libsysbase_libsysbase_a-handle_manager.o)
 .data.devoptab_list
                0x02013bd4       0x8c C:/devkitPro/devkitARM/bin/../lib/gcc/arm-none-eabi/15.1.0/../../../../arm-none-eabi/lib/thumb\libsysbase.a(libsysbase_libsysbase_a-iosupport.o)
                0x02013bd4                devoptab_list
 EXCLUDE_FILE(*.twl.*) *(.data1)
 EXCLUDE_FILE(*.twl.*) *(.igot.plt)
 .igot.plt      0x02013c60        0x0 C:/devkitPro/devkitARM/bin/../lib/gcc/arm-none-eabi/15.1.0/thumb/crtbegin.o
                0x02013c60                        . = ALIGN (0x4)

.ARM.extab
 *(.ARM.extab* .gnu.linkonce.armextab.*)

.ARM.exidx      0x02013c60        0x0 load address 0x02017cb0
 *(.ARM.exidx* .gnu.linkonce.armexidx.*)
                [!provide]                        PROVIDE (__exidx_start = ADDR (.ARM.exidx))
                [!provide]                        PROVIDE (__exidx_end = (ADDR (.ARM.exidx) + SIZEOF (.ARM.exidx)))

.eh_frame_hdr
 *(.eh_frame_hdr)
 *(.eh_frame_entry .eh_frame_entry.*)

.eh_frame       0x02013c60        0x4 load address 0x02017cb0
 *(.eh_frame)
 .eh_frame      0x02013c60        0x0 C:/devkitPro/devkitARM/bin/../lib/gcc/arm-none-eabi/15.1.0/thumb/crtbegin.o
 .eh_frame      0x02013c60        0x4 C:/devkitPro/devkitARM/bin/../lib/gcc/arm-none-eabi/15.1.0/thumb/crtend.o
 *(.eh_frame.*)

.gcc_except_table
 *(.gcc_except_table .gcc_except_table.*)

.gnu_extab
 *(.gnu_extab*)

.tinfo          0x02013c64        0xc load address 0x02017cb4
                0x02013c64        0x4 LONG 0x2013c78 __tls_start
                0x02013c68        0x4 LONG 0x0 SIZEOF (.main.tls)
                0x02013c6c        0x4 LONG 0x0 SIZEOF (.tdata)
                0x02013c64                        PROVIDE (__tls_info = ADDR (.tinfo))

.preinit_array  0x02013c70        0x0 load address 0x02017cc0
                0x02013c70                        PROVIDE (__preinit_array_start = .)
 *(.preinit_array)
                0x02013c70                        PROVIDE (__preinit_array_end = .)

.init_array     0x02013c70        0x4 load address 0x02017cc0
                0x02013c70                        PROVIDE (__init_array_start = .)
 *(SORT_BY_INIT_PRIORITY(.init_array.*) SORT_BY_INIT_PRIORITY(.ctors.*))
 *(.init_array .ctors)
 .init_array    0x02013c70        0x4 C:/devkitPro/devkitARM/bin/../lib/gcc/arm-none-eabi/15.1.0/thumb/crtbegin.o
                0x02013c74                        PROVIDE (__init_array_end = .)

.fini_array     0x02013c74        0x4 load address 0x02017cc4
                0x02013c74                        PROVIDE (__fini_array_start = .)
 *(SORT_BY_INIT_PRIORITY(.fini_array.*) SORT_BY_INIT_PRIORITY(.dtors.*))
 *(.fini_array .dtors)
 .fini_array    0x02013c74        0x4 C:/devkitPro/devkitARM/bin/../lib/gcc/arm-none-eabi/15.1.0/thumb/crtbegin.o
                0x02013c78                        PROVIDE (__fini_array_end = .)
                [!provide]                        PROVIDE (__main_lma = LOADADDR (.main))
                0x020013c0                        PROVIDE (__main_start = ADDR (.main))
                0x02013c78                        PROVIDE (__main_end = (ADDR (.fini_array) + SIZEOF (.fini_array)))

.tdata          0x00000000        0x0 load address 0x02017cc8
 *(.tdata .tdata.* .gnu.linkonce.td.*)
                0x00000000                        . = ALIGN (0x4)

.tbss           0x00000000        0x0 load address 0x02017cc8
 *(.tbss .tbss.* .gnu.linkonce.tb.*)
 *(.tcommon)
                0x00000000                        . = ALIGN (0x4)
                0x00000001                        ASSERT (((ALIGNOF (.tdata) <= 0x8) || (ALIGNOF (.tbss) <= 0x8)), Error: TLS is overaligned (up to 8-byte alignment is supported))
                0x00000001                        ASSERT (((ADDR (.tbss) + SIZEOF (.tbss)) <= (ORIGIN (tls) + LENGTH (tls))), Error: TLS section too large)

.main.tls       0x02013c78        0x0
                0x02013c78                        . = (. + ((ADDR (.tbss) + SIZEOF (.tbss)) - ADDR (.tdata)))
                [!provide]                        PROVIDE (__tls_lma = LOADADDR (.tdata))
                0x02013c78                        PROVIDE (__tls_start = ADDR (.main.tls))
                0x02013c78                        PROVIDE (__tls_end = (ADDR (.main.tls) + SIZEOF (.tdata)))

.main.bss       0x02013c78      0x974
 EXCLUDE_FILE(*.twl.*) *(.dynbss)
 EXCLUDE_FILE(*.twl.*) *(.bss .bss.* .gnu.linkonce.b.*)
 .bss.completed.1
                0x02013c78        0x1 C:/devkitPro/devkitARM/bin/../lib/gcc/arm-none-eabi/15.1.0/thumb/crtbegin.o
 *fill*         0x02013c79        0x3 
 .bss.object.0  0x02013c7c       0x18 C:/devkitPro/devkitARM/bin/../lib/gcc/arm-none-eabi/15.1.0/thumb/crtbegin.o
 .bss.currentCopy
                0x02013c94       0x5c C:/devkitPro/libnds/lib\libnds9.a(console.o)
                0x02013c94                currentCopy
 .bss.keysrepeat
                0x02013cf0        0x2 C:/devkitPro/libnds/lib\libnds9.a(keys.o)
 *fill*         0x02013cf2        0x2 
 .bss.s_keypad  0x02013cf4        0x4 C:/devkitPro/libnds/lib\libnds9.a(keys.o)
 .bss.glCurClearColor
                0x02013cf8        0x4 C:/devkitPro/libnds/lib\libnds9.a(videoGL_base.o)
                0x02013cf8                glCurClearColor
 .bss.glGlobalData
                0x02013cfc       0x4c C:/devkitPro/libnds/lib\libnds9.a(videoGL.o)
                0x02013cfc                glGlobalData
 .bss.bgIsTextLut
                0x02013d48        0x8 C:/devkitPro/libnds/lib\libnds9.a(background.o)
                0x02013d48                bgIsTextLut
 .bss.bgState   0x02013d50      0x140 C:/devkitPro/libnds/lib\libnds9.a(background.o)
                0x02013d50                bgState
 .bss.s_sleepThreads
                0x02013e90        0x8 C:/devkitPro/calico/lib\libcalico_ds9.a(thread_cold.o)
 .bss.s_joinThreads
                0x02013e98        0x8 C:/devkitPro/calico/lib\libcalico_ds9.a(thread_cold.o)
 .bss.s_idleThread
                0x02013ea0       0x70 C:/devkitPro/calico/lib\libcalico_ds9.a(thread_cold.o)
 .bss.s_mainThread
                0x02013f10       0x70 C:/devkitPro/calico/lib\libcalico_ds9.a(thread_cold.o)
 .bss.s_pmPxiThreadStack
                0x02013f80      0x200 C:/devkitPro/calico/lib\libcalico_ds9.a(pm.o)
 .bss.s_pmPxiThread
                0x02014180       0x70 C:/devkitPro/calico/lib\libcalico_ds9.a(pm.o)
 .bss.s_pmState
                0x020141f0        0x8 C:/devkitPro/calico/lib\libcalico_ds9.a(pm.o)
 .bss.s_firstTask
                0x020141f8        0x4 C:/devkitPro/calico/lib\libcalico_ds9.a(tick.o)
 *fill*         0x020141fc        0x4 
 .bss.s_highTickCount
                0x02014200        0x8 C:/devkitPro/calico/lib\libcalico_ds9.a(tick.o)
 .bss.s_tickInit
                0x02014208        0x1 C:/devkitPro/calico/lib\libcalico_ds9.a(tick.o)
 *fill*         0x02014209        0x3 
 .bss.s_mailboxRecvQueue
                0x0201420c        0x8 C:/devkitPro/calico/lib\libcalico_ds9.a(mailbox.o)
 .bss.s_defaultErrno.0
                0x02014214        0x4 C:/devkitPro/calico/lib\libcalico_ds9.a(newlib_syscalls.o)
 .bss.__stacksize__
                0x02014218        0x4 C:/devkitPro/calico/lib\libcalico_ds9.a(startup.crt0.o)
                0x02014218                __stacksize__
 .bss.g_isTwlMode
                0x0201421c        0x1 C:/devkitPro/calico/lib\libcalico_ds9.a(startup.crt0.o)
                0x0201421c                g_isTwlMode
 *fill*         0x0201421d        0x3 
 .bss.s_pxiChannels
                0x02014220      0x1f0 C:/devkitPro/calico/lib\libcalico_ds9.a(pxi.o)
 .bss.s_pxiRecvState
                0x02014410        0x4 C:/devkitPro/calico/lib\libcalico_ds9.a(pxi.o)
 .bss.s_pxiRecvQueue
                0x02014414        0x8 C:/devkitPro/calico/lib\libcalico_ds9.a(pxi.o)
 .bss.s_pxiSendMutex
                0x0201441c        0x4 C:/devkitPro/calico/lib\libcalico_ds9.a(pxi.o)
 .bss.__malloc_current_mallinfo
                0x02014420       0x28 C:/devkitPro/devkitARM/bin/../lib/gcc/arm-none-eabi/15.1.0/../../../../arm-none-eabi/lib/thumb\libg.a(libc_a-mallocr.o)
                0x02014420                __malloc_current_mallinfo
 .bss.__malloc_max_total_mem
                0x02014448        0x4 C:/devkitPro/devkitARM/bin/../lib/gcc/arm-none-eabi/15.1.0/../../../../arm-none-eabi/lib/thumb\libg.a(libc_a-mallocr.o)
                0x02014448                __malloc_max_total_mem
 .bss.__malloc_max_sbrked_mem
                0x0201444c        0x4 C:/devkitPro/devkitARM/bin/../lib/gcc/arm-none-eabi/15.1.0/../../../../arm-none-eabi/lib/thumb\libg.a(libc_a-mallocr.o)
                0x0201444c                __malloc_max_sbrked_mem
 .bss.__malloc_top_pad
                0x02014450        0x4 C:/devkitPro/devkitARM/bin/../lib/gcc/arm-none-eabi/15.1.0/../../../../arm-none-eabi/lib/thumb\libg.a(libc_a-mallocr.o)
                0x02014450                __malloc_top_pad
 .bss.__malloc_recursive_mutex
                0x02014454        0xc C:/devkitPro/devkitARM/bin/../lib/gcc/arm-none-eabi/15.1.0/../../../../arm-none-eabi/lib/thumb\libg.a(libc_a-mlock.o)
 .bss.__sfp_recursive_mutex
                0x02014460        0xc C:/devkitPro/devkitARM/bin/../lib/gcc/arm-none-eabi/15.1.0/../../../../arm-none-eabi/lib/thumb\libg.a(libc_a-findfp.o)
 *fill*         0x0201446c        0x4 
 .bss.__sf      0x02014470      0x168 C:/devkitPro/devkitARM/bin/../lib/gcc/arm-none-eabi/15.1.0/../../../../arm-none-eabi/lib/thumb\libg.a(libc_a-findfp.o)
                0x02014470                __sf
 .bss.__stdio_exit_handler
                0x020145d8        0x4 C:/devkitPro/devkitARM/bin/../lib/gcc/arm-none-eabi/15.1.0/../../../../arm-none-eabi/lib/thumb\libg.a(libc_a-findfp.o)
                0x020145d8                __stdio_exit_handler
 .bss.__hndl_lock
                0x020145dc        0x4 C:/devkitPro/devkitARM/bin/../lib/gcc/arm-none-eabi/15.1.0/../../../../arm-none-eabi/lib/thumb\libsysbase.a(libsysbase_libsysbase_a-handle_manager.o)
 .bss.fake_heap_start
                0x020145e0        0x4 C:/devkitPro/devkitARM/bin/../lib/gcc/arm-none-eabi/15.1.0/../../../../arm-none-eabi/lib/thumb\libsysbase.a(libsysbase_libsysbase_a-malloc_vars.o)
                0x020145e0                fake_heap_start
 .bss.fake_heap_end
                0x020145e4        0x4 C:/devkitPro/devkitARM/bin/../lib/gcc/arm-none-eabi/15.1.0/../../../../arm-none-eabi/lib/thumb\libsysbase.a(libsysbase_libsysbase_a-malloc_vars.o)
                0x020145e4                fake_heap_end
 .bss.heap_start.0
                0x020145e8        0x4 C:/devkitPro/devkitARM/bin/../lib/gcc/arm-none-eabi/15.1.0/../../../../arm-none-eabi/lib/thumb\libsysbase.a(libsysbase_libsysbase_a-sbrk.o)
 EXCLUDE_FILE(*.twl.*) *(COMMON)
                0x020145ec                        . = ALIGN (0x4)
                [!provide]                        PROVIDE (__main_bss_start = ADDR (.main.bss))
                0x020145ec                        PROVIDE (__main_bss_end = (ADDR (.main.bss) + SIZEOF (.main.bss)))
                0x020145ec                        . = .
                0x020145ec                        PROVIDE (__heap_start_ntr = .)
                0x00000001                        ASSERT ((. <= 0x2380000), Error: DS-mode sections overflow DS ARM9 memory size (3.5 MB))

.twl            0x02014600        0x0 load address 0x02400000
 *(.twl .twl.*)
 *.twl.*(.text .stub .text.* .gnu.linkonce.t.*)
 *.twl.*(.glue_7t .glue_7 .vfp11_veneer .v4_bx)
 *.twl.*(.rodata .rodata.* .gnu.linkonce.r.*)
 *.twl.*(.rodata1)
                0x02014600                        . = ALIGN (0x4)

.twl.rw         0x02014600        0x0 load address 0x02400000
 *.twl.*(.data .data.* .gnu.linkonce.d.*)
 *.twl.*(.data1)
                0x02014600                        . = ALIGN (0x4)
                0x02400000                        PROVIDE (__twl_lma = LOADADDR (.twl))
                0x02014600                        PROVIDE (__twl_start = ADDR (.twl))
                0x02014600                        PROVIDE (__twl_end = (ADDR (.twl.rw) + SIZEOF (.twl.rw)))

.twl.bss        0x02014600        0x0 load address 0x02400000
 *(.twl_bss .twl_bss.*)
 *.twl.*(.dynbss)
 *.twl.*(.bss .bss.* .gnu.linkonce.b.*)
 *.twl.*(COMMON)
                0x02014600                        . = ALIGN (0x4)
                [!provide]                        PROVIDE (__twl_bss_start = ADDR (.twl.bss))
                0x02014600                        PROVIDE (__twl_bss_end = (ADDR (.twl.bss) + SIZEOF (.twl.bss)))
                0x02014600                        . = .
                0x02014600                        PROVIDE (__heap_start_twl = .)

.loadlist       0x0e000998       0x30 load address 0x02017cc8
                0x0e000998        0x4 LONG 0x1ff8000 __itcm_start
                0x0e00099c        0x4 LONG 0x1ff86b8 __itcm_end
                0x0e0009a0        0x4 LONG 0x1ff86b8 __itcm_end
                0x0e0009a4        0x4 LONG 0x2ff0000 __dtcm_start
                0x0e0009a8        0x4 LONG 0x2ff0000 __dtcm_end
                0x0e0009ac        0x4 LONG 0x2ff0098 __dtcm_bss_end
                0x0e0009b0        0x4 LONG 0x20013c0 __main_start
                0x0e0009b4        0x4 LONG 0x2013c78 __main_end
                0x0e0009b8        0x4 LONG 0x2013c78 __main_end
                0x0e0009bc        0x4 LONG 0x2013c78 __tls_start
                0x0e0009c0        0x4 LONG 0x2013c78 __tls_end
                0x0e0009c4        0x4 LONG 0x20145ec __main_bss_end
                0x02004d58                        PROVIDE (__loadlist_lma = __itcm_lma)
                0x02017cc8                        PROVIDE (__loadlist_start = LOADADDR (.loadlist))
                0x02017cf8                        PROVIDE (__loadlist_end = (LOADADDR (.loadlist) + SIZEOF (.loadlist)))

.twl.loadlist   0x0e0009c8        0xc load address 0x02400000
                0x0e0009c8        0x4 LONG 0x2014600 __twl_start
                0x0e0009cc        0x4 LONG 0x2014600 __twl_end
                0x0e0009d0        0x4 LONG 0x2014600 __twl_bss_end
                0x02400000                        PROVIDE (__twl_loadlist_lma = __twl_lma)
                0x02400000                        PROVIDE (__twl_loadlist_start = LOADADDR (.twl.loadlist))
                0x0240000c                        PROVIDE (__twl_loadlist_end = (LOADADDR (.twl.loadlist) + SIZEOF (.twl.loadlist)))

.rel.dyn        0x0e0009d4        0x0 load address 0x0240000c
 .rel.iplt      0x0e0009d4        0x0 C:/devkitPro/devkitARM/bin/../lib/gcc/arm-none-eabi/15.1.0/thumb/crtbegin.o

.stab
 *(.stab)

.stabstr
 *(.stabstr)

.stab.excl
 *(.stab.excl)

.stab.exclstr
 *(.stab.exclstr)

.stab.index
 *(.stab.index)

.stab.indexstr
 *(.stab.indexstr)

.comment        0x00000000       0x23
 *(.comment)
 .comment       0x00000000       0x23 C:/devkitPro/devkitARM/bin/../lib/gcc/arm-none-eabi/15.1.0/thumb/crtbegin.o
                                 0x24 (size before relaxing)
 .comment       0x00000023       0x24 main.o
 .comment       0x00000023       0x24 World.o
 .comment       0x00000023       0x24 Player.o
 .comment       0x00000023       0x24 Renderer.o
 .comment       0x00000023       0x24 TextureManager.o
 .comment       0x00000023       0x24 C:/devkitPro/libnds/lib\libnds9.a(console.o)
 .comment       0x00000023       0x24 C:/devkitPro/libnds/lib\libnds9.a(keys.o)
 .comment       0x00000023       0x24 C:/devkitPro/libnds/lib\libnds9.a(trig.o)
 .comment       0x00000023       0x24 C:/devkitPro/libnds/lib\libnds9.a(videoGL_base.o)
 .comment       0x00000023       0x24 C:/devkitPro/libnds/lib\libnds9.a(videoGL.o)
 .comment       0x00000023       0x24 C:/devkitPro/libnds/lib\libnds9.a(background.o)
 .comment       0x00000023       0x24 C:/devkitPro/libnds/lib\libnds9.a(dynamicArray.o)
 .comment       0x00000023       0x24 C:/devkitPro/libnds/lib\libnds9.a(system.o)
 .comment       0x00000023       0x24 C:/devkitPro/libnds/lib\libnds9.a(video.o)
 .comment       0x00000023       0x24 C:/devkitPro/calico/lib\libcalico_ds9.a(thread_cold.o)
 .comment       0x00000023       0x24 C:/devkitPro/calico/lib\libcalico_ds9.a(thread_hot.32.o)
 .comment       0x00000023       0x24 C:/devkitPro/calico/lib\libcalico_ds9.a(arm-shims.32.o)
 .comment       0x00000023       0x24 C:/devkitPro/calico/lib\libcalico_ds9.a(keypad.o)
 .comment       0x00000023       0x24 C:/devkitPro/calico/lib\libcalico_ds9.a(pm.o)
 .comment       0x00000023       0x24 C:/devkitPro/calico/lib\libcalico_ds9.a(touch.o)
 .comment       0x00000023       0x24 C:/devkitPro/calico/lib\libcalico_ds9.a(tick.o)
 .comment       0x00000023       0x24 C:/devkitPro/calico/lib\libcalico_ds9.a(mailbox.o)
 .comment       0x00000023       0x24 C:/devkitPro/calico/lib\libcalico_ds9.a(newlib_syscalls.o)
 .comment       0x00000023       0x24 C:/devkitPro/calico/lib\libcalico_ds9.a(startup.crt0.o)
 .comment       0x00000023       0x24 C:/devkitPro/calico/lib\libcalico_ds9.a(pxi.o)
 .comment       0x00000023       0x24 C:/devkitPro/calico/lib\libcalico_ds9.a(sys_startup.o)
 .comment       0x00000023       0x24 C:/devkitPro/calico/lib\libcalico_ds9.a(irq.o)
 .comment       0x00000023       0x24 C:/devkitPro/calico/lib\libcalico_ds9.a(mutex.o)
 .comment       0x00000023       0x24 C:/devkitPro/devkitARM/bin/../lib/gcc/arm-none-eabi/15.1.0/../../../../arm-none-eabi/lib/thumb\libm.a(libm_a-sf_cos.o)
 .comment       0x00000023       0x24 C:/devkitPro/devkitARM/bin/../lib/gcc/arm-none-eabi/15.1.0/../../../../arm-none-eabi/lib/thumb\libm.a(libm_a-wf_sqrt.o)
 .comment       0x00000023       0x24 C:/devkitPro/devkitARM/bin/../lib/gcc/arm-none-eabi/15.1.0/../../../../arm-none-eabi/lib/thumb\libm.a(libm_a-kf_cos.o)
 .comment       0x00000023       0x24 C:/devkitPro/devkitARM/bin/../lib/gcc/arm-none-eabi/15.1.0/../../../../arm-none-eabi/lib/thumb\libm.a(libm_a-sf_floor.o)
 .comment       0x00000023       0x24 C:/devkitPro/devkitARM/bin/../lib/gcc/arm-none-eabi/15.1.0/../../../../arm-none-eabi/lib/thumb\libm.a(libm_a-sf_sin.o)
 .comment       0x00000023       0x24 C:/devkitPro/devkitARM/bin/../lib/gcc/arm-none-eabi/15.1.0/../../../../arm-none-eabi/lib/thumb\libm.a(libm_a-kf_sin.o)
 .comment       0x00000023       0x24 C:/devkitPro/devkitARM/bin/../lib/gcc/arm-none-eabi/15.1.0/../../../../arm-none-eabi/lib/thumb\libm.a(libm_a-ef_rem_pio2.o)
 .comment       0x00000023       0x24 C:/devkitPro/devkitARM/bin/../lib/gcc/arm-none-eabi/15.1.0/../../../../arm-none-eabi/lib/thumb\libm.a(libm_a-sf_fabs.o)
 .comment       0x00000023       0x24 C:/devkitPro/devkitARM/bin/../lib/gcc/arm-none-eabi/15.1.0/../../../../arm-none-eabi/lib/thumb\libm.a(libm_a-kf_rem_pio2.o)
 .comment       0x00000023       0x24 C:/devkitPro/devkitARM/bin/../lib/gcc/arm-none-eabi/15.1.0/../../../../arm-none-eabi/lib/thumb\libm.a(libm_a-ef_sqrt.o)
 .comment       0x00000023       0x24 C:/devkitPro/devkitARM/bin/../lib/gcc/arm-none-eabi/15.1.0/../../../../arm-none-eabi/lib/thumb\libm.a(libm_a-sf_scalbn.o)
 .comment       0x00000023       0x24 C:/devkitPro/devkitARM/bin/../lib/gcc/arm-none-eabi/15.1.0/thumb\libgcc.a(_muldi3.o)
 .comment       0x00000023       0x24 C:/devkitPro/devkitARM/bin/../lib/gcc/arm-none-eabi/15.1.0/thumb\libgcc.a(_udivmoddi4.o)
 .comment       0x00000023       0x24 C:/devkitPro/devkitARM/bin/../lib/gcc/arm-none-eabi/15.1.0/../../../../arm-none-eabi/lib/thumb\libg.a(libc_a-rand.o)
 .comment       0x00000023       0x24 C:/devkitPro/devkitARM/bin/../lib/gcc/arm-none-eabi/15.1.0/../../../../arm-none-eabi/lib/thumb\libg.a(libc_a-init.o)
 .comment       0x00000023       0x24 C:/devkitPro/devkitARM/bin/../lib/gcc/arm-none-eabi/15.1.0/../../../../arm-none-eabi/lib/thumb\libg.a(libc_a-calloc.o)
 .comment       0x00000023       0x24 C:/devkitPro/devkitARM/bin/../lib/gcc/arm-none-eabi/15.1.0/../../../../arm-none-eabi/lib/thumb\libg.a(libc_a-siscanf.o)
 .comment       0x00000023       0x24 C:/devkitPro/devkitARM/bin/../lib/gcc/arm-none-eabi/15.1.0/../../../../arm-none-eabi/lib/thumb\libg.a(libc_a-callocr.o)
 .comment       0x00000023       0x24 C:/devkitPro/devkitARM/bin/../lib/gcc/arm-none-eabi/15.1.0/../../../../arm-none-eabi/lib/thumb\libg.a(libc_a-realloc.o)
 .comment       0x00000023       0x24 C:/devkitPro/devkitARM/bin/../lib/gcc/arm-none-eabi/15.1.0/../../../../arm-none-eabi/lib/thumb\libg.a(libc_a-mallocr.o)
 .comment       0x00000023       0x24 C:/devkitPro/devkitARM/bin/../lib/gcc/arm-none-eabi/15.1.0/../../../../arm-none-eabi/lib/thumb\libg.a(libc_a-freer.o)
 .comment       0x00000023       0x24 C:/devkitPro/devkitARM/bin/../lib/gcc/arm-none-eabi/15.1.0/../../../../arm-none-eabi/lib/thumb\libg.a(libc_a-malloc.o)
 .comment       0x00000023       0x24 C:/devkitPro/devkitARM/bin/../lib/gcc/arm-none-eabi/15.1.0/../../../../arm-none-eabi/lib/thumb\libg.a(libc_a-time.o)
 .comment       0x00000023       0x24 C:/devkitPro/devkitARM/bin/../lib/gcc/arm-none-eabi/15.1.0/../../../../arm-none-eabi/lib/thumb\libg.a(libc_a-memset.o)
 .comment       0x00000023       0x24 C:/devkitPro/devkitARM/bin/../lib/gcc/arm-none-eabi/15.1.0/../../../../arm-none-eabi/lib/thumb\libg.a(libc_a-reallocr.o)
 .comment       0x00000023       0x24 C:/devkitPro/devkitARM/bin/../lib/gcc/arm-none-eabi/15.1.0/../../../../arm-none-eabi/lib/thumb\libg.a(libc_a-mlock.o)
 .comment       0x00000023       0x24 C:/devkitPro/devkitARM/bin/../lib/gcc/arm-none-eabi/15.1.0/../../../../arm-none-eabi/lib/thumb\libg.a(libc_a-exit.o)
 .comment       0x00000023       0x24 C:/devkitPro/devkitARM/bin/../lib/gcc/arm-none-eabi/15.1.0/../../../../arm-none-eabi/lib/thumb\libg.a(libc_a-setvbuf.o)
 .comment       0x00000023       0x24 C:/devkitPro/devkitARM/bin/../lib/gcc/arm-none-eabi/15.1.0/../../../../arm-none-eabi/lib/thumb\libg.a(libc_a-memcpy-stub.o)
 .comment       0x00000023       0x24 C:/devkitPro/devkitARM/bin/../lib/gcc/arm-none-eabi/15.1.0/../../../../arm-none-eabi/lib/thumb\libg.a(libc_a-stdio.o)
 .comment       0x00000023       0x24 C:/devkitPro/devkitARM/bin/../lib/gcc/arm-none-eabi/15.1.0/../../../../arm-none-eabi/lib/thumb\libg.a(libc_a-memmove.o)
 .comment       0x00000023       0x24 C:/devkitPro/devkitARM/bin/../lib/gcc/arm-none-eabi/15.1.0/../../../../arm-none-eabi/lib/thumb\libg.a(libc_a-strlen.o)
 .comment       0x00000023       0x24 C:/devkitPro/devkitARM/bin/../lib/gcc/arm-none-eabi/15.1.0/../../../../arm-none-eabi/lib/thumb\libg.a(libc_a-malignr.o)
 .comment       0x00000023       0x24 C:/devkitPro/devkitARM/bin/../lib/gcc/arm-none-eabi/15.1.0/../../../../arm-none-eabi/lib/thumb\libg.a(libc_a-svfiscanf.o)
 .comment       0x00000023       0x24 C:/devkitPro/devkitARM/bin/../lib/gcc/arm-none-eabi/15.1.0/../../../../arm-none-eabi/lib/thumb\libg.a(libc_a-findfp.o)
 .comment       0x00000023       0x24 C:/devkitPro/devkitARM/bin/../lib/gcc/arm-none-eabi/15.1.0/../../../../arm-none-eabi/lib/thumb\libg.a(libc_a-strtoul.o)
 .comment       0x00000023       0x24 C:/devkitPro/devkitARM/bin/../lib/gcc/arm-none-eabi/15.1.0/../../../../arm-none-eabi/lib/thumb\libg.a(libc_a-fwalk.o)
 .comment       0x00000023       0x24 C:/devkitPro/devkitARM/bin/../lib/gcc/arm-none-eabi/15.1.0/../../../../arm-none-eabi/lib/thumb\libg.a(libc_a-iswspace.o)
 .comment       0x00000023       0x24 C:/devkitPro/devkitARM/bin/../lib/gcc/arm-none-eabi/15.1.0/../../../../arm-none-eabi/lib/thumb\libg.a(libc_a-strtol.o)
 .comment       0x00000023       0x24 C:/devkitPro/devkitARM/bin/../lib/gcc/arm-none-eabi/15.1.0/../../../../arm-none-eabi/lib/thumb\libg.a(libc_a-fini.o)
 .comment       0x00000023       0x24 C:/devkitPro/devkitARM/bin/../lib/gcc/arm-none-eabi/15.1.0/../../../../arm-none-eabi/lib/thumb\libg.a(libc_a-sccl.o)
 .comment       0x00000023       0x24 C:/devkitPro/devkitARM/bin/../lib/gcc/arm-none-eabi/15.1.0/../../../../arm-none-eabi/lib/thumb\libg.a(libc_a-fflush.o)
 .comment       0x00000023       0x24 C:/devkitPro/devkitARM/bin/../lib/gcc/arm-none-eabi/15.1.0/../../../../arm-none-eabi/lib/thumb\libg.a(libc_a-ctype_.o)
 .comment       0x00000023       0x24 C:/devkitPro/devkitARM/bin/../lib/gcc/arm-none-eabi/15.1.0/../../../../arm-none-eabi/lib/thumb\libg.a(libc_a-makebuf.o)
 .comment       0x00000023       0x24 C:/devkitPro/devkitARM/bin/../lib/gcc/arm-none-eabi/15.1.0/../../../../arm-none-eabi/lib/thumb\libg.a(libc_a-impure.o)
 .comment       0x00000023       0x24 C:/devkitPro/devkitARM/bin/../lib/gcc/arm-none-eabi/15.1.0/../../../../arm-none-eabi/lib/thumb\libg.a(libc_a-strtoull.o)
 .comment       0x00000023       0x24 C:/devkitPro/devkitARM/bin/../lib/gcc/arm-none-eabi/15.1.0/../../../../arm-none-eabi/lib/thumb\libg.a(libc_a-mbrtowc.o)
 .comment       0x00000023       0x24 C:/devkitPro/devkitARM/bin/../lib/gcc/arm-none-eabi/15.1.0/../../../../arm-none-eabi/lib/thumb\libg.a(libc_a-iswspace_l.o)
 .comment       0x00000023       0x24 C:/devkitPro/devkitARM/bin/../lib/gcc/arm-none-eabi/15.1.0/../../../../arm-none-eabi/lib/thumb\libg.a(libc_a-fclose.o)
 .comment       0x00000023       0x24 C:/devkitPro/devkitARM/bin/../lib/gcc/arm-none-eabi/15.1.0/../../../../arm-none-eabi/lib/thumb\libg.a(libc_a-strtoll.o)
 .comment       0x00000023       0x24 C:/devkitPro/devkitARM/bin/../lib/gcc/arm-none-eabi/15.1.0/../../../../arm-none-eabi/lib/thumb\libg.a(libc_a-locale.o)
 .comment       0x00000023       0x24 C:/devkitPro/devkitARM/bin/../lib/gcc/arm-none-eabi/15.1.0/../../../../arm-none-eabi/lib/thumb\libg.a(libc_a-ungetc.o)
 .comment       0x00000023       0x24 C:/devkitPro/devkitARM/bin/../lib/gcc/arm-none-eabi/15.1.0/../../../../arm-none-eabi/lib/thumb\libg.a(libc_a-mbtowc_r.o)
 .comment       0x00000023       0x24 C:/devkitPro/devkitARM/bin/../lib/gcc/arm-none-eabi/15.1.0/../../../../arm-none-eabi/lib/thumb\libg.a(libc_a-categories.o)
 .comment       0x00000023       0x24 C:/devkitPro/devkitARM/bin/../lib/gcc/arm-none-eabi/15.1.0/../../../../arm-none-eabi/lib/thumb\libg.a(libc_a-wctomb_r.o)
 .comment       0x00000023       0x24 C:/devkitPro/devkitARM/bin/../lib/gcc/arm-none-eabi/15.1.0/../../../../arm-none-eabi/lib/thumb\libsysbase.a(libsysbase_libsysbase_a-_exit.o)
 .comment       0x00000023       0x24 C:/devkitPro/devkitARM/bin/../lib/gcc/arm-none-eabi/15.1.0/../../../../arm-none-eabi/lib/thumb\libsysbase.a(libsysbase_libsysbase_a-fstat.o)
 .comment       0x00000023       0x24 C:/devkitPro/devkitARM/bin/../lib/gcc/arm-none-eabi/15.1.0/../../../../arm-none-eabi/lib/thumb\libsysbase.a(libsysbase_libsysbase_a-getreent.o)
 .comment       0x00000023       0x24 C:/devkitPro/devkitARM/bin/../lib/gcc/arm-none-eabi/15.1.0/../../../../arm-none-eabi/lib/thumb\libsysbase.a(libsysbase_libsysbase_a-gettod.o)
 .comment       0x00000023       0x24 C:/devkitPro/devkitARM/bin/../lib/gcc/arm-none-eabi/15.1.0/../../../../arm-none-eabi/lib/thumb\libsysbase.a(libsysbase_libsysbase_a-handle_manager.o)
 .comment       0x00000023       0x24 C:/devkitPro/devkitARM/bin/../lib/gcc/arm-none-eabi/15.1.0/../../../../arm-none-eabi/lib/thumb\libsysbase.a(libsysbase_libsysbase_a-iosupport.o)
 .comment       0x00000023       0x24 C:/devkitPro/devkitARM/bin/../lib/gcc/arm-none-eabi/15.1.0/../../../../arm-none-eabi/lib/thumb\libsysbase.a(libsysbase_libsysbase_a-lseek.o)
 .comment       0x00000023       0x24 C:/devkitPro/devkitARM/bin/../lib/gcc/arm-none-eabi/15.1.0/../../../../arm-none-eabi/lib/thumb\libsysbase.a(libsysbase_libsysbase_a-malloc_vars.o)
 .comment       0x00000023       0x24 C:/devkitPro/devkitARM/bin/../lib/gcc/arm-none-eabi/15.1.0/../../../../arm-none-eabi/lib/thumb\libsysbase.a(libsysbase_libsysbase_a-read.o)
 .comment       0x00000023       0x24 C:/devkitPro/devkitARM/bin/../lib/gcc/arm-none-eabi/15.1.0/../../../../arm-none-eabi/lib/thumb\libsysbase.a(libsysbase_libsysbase_a-sbrk.o)
 .comment       0x00000023       0x24 C:/devkitPro/devkitARM/bin/../lib/gcc/arm-none-eabi/15.1.0/../../../../arm-none-eabi/lib/thumb\libsysbase.a(libsysbase_libsysbase_a-syscall_support.o)
 .comment       0x00000023       0x24 C:/devkitPro/devkitARM/bin/../lib/gcc/arm-none-eabi/15.1.0/../../../../arm-none-eabi/lib/thumb\libsysbase.a(libsysbase_libsysbase_a-write.o)
 .comment       0x00000023       0x24 C:/devkitPro/devkitARM/bin/../lib/gcc/arm-none-eabi/15.1.0/thumb/crtend.o

.gnu.build.attributes
 *(.gnu.build.attributes .gnu.build.attributes.*)

.debug
 *(.debug)

.line
 *(.line)

.debug_srcinfo
 *(.debug_srcinfo)

.debug_sfnames
 *(.debug_sfnames)

.debug_aranges  0x00000000      0xab0
 *(.debug_aranges)
 .debug_aranges
                0x00000000       0x20 main.o
 .debug_aranges